=====================================================================
== C:\Servers\Arma 3 Exile Server\arma3server.exe
== "C:\Servers\Arma 3 Exile Server\arma3server.exe"  -port=2302 "-config=C:\Servers\Arma 3 Exile Server\TADST\Namalsk\TADST_config.cfg" "-cfg=C:\Servers\Arma 3 Exile Server\TADST\Namalsk\TADST_basic.cfg" "-profiles=C:\Servers\Arma 3 Exile Server\TADST\Namalsk" -name=Namalsk -filePatching "-mod=@Exile;@ExileServer;heli;kart;mark;@namalsk;@Zombies and Demons" -autoInit

Original output filename: Arma3Retail_Server
Exe timestamp: 2016/03/02 14:35:06
Current time:  2016/04/29 10:41:04

Type: Public
Build: Stable
Version: 1.56.134787

Allocator: C:\Servers\Arma 3 Exile Server\dll\tbb4malloc_bi.dll
=====================================================================

10:41:04 SteamAPI initialization failed. Steam features wont's be accessible!
10:41:04 Initializing stats manager.
10:41:04 Stats config disabled.
10:41:04 sessionID: fb16d591599974bb9cfa53132c069643de4445d1
10:41:08 Item strwfmissionendtime listed twice
10:41:08 Item str_dn_bike listed twice
10:41:08 Item str_dn_bikes listed twice
10:41:08 Item str_dn_tractor listed twice
10:41:08 Item str_dn_tractors listed twice
10:41:08 Item str_dn_truck listed twice
10:41:08 Item str_dn_trucks listed twice
10:41:08 Item str_dss_binocular listed twice
10:41:08 Item str_dss_laserdesignator listed twice
10:41:08 Item str_dss_nv_goggles listed twice
10:41:08 Item str_action_putbomb listed twice
10:41:08 Item str_mn_smoke listed twice
10:41:08 Item str_dn_ammocrate listed twice
10:41:08 Item str_dn_ammocrates listed twice
10:41:08 Item str_dn_binocular listed twice
10:41:08 Item str_lib_nv_goggles listed twice
10:41:08 Item str_dn_gbu12 listed twice
10:41:08 Item str_lib_binocular listed twice
10:41:08 Item str_dn_lasertarget listed twice
10:41:08 Item str_dn_lasertargets listed twice
10:41:08 Item str_dn_throw listed twice
10:41:08 Item str_dn_staticsearchlight listed twice
10:41:08 Item str_dn_staticmortar listed twice
10:41:08 Item str_dn_staticmgweapon listed twice
10:41:08 Item str_dn_staticgrenadelauncher listed twice
10:41:08 Item str_dn_staticcannon listed twice
10:41:08 Item str_dn_staticatweapon listed twice
10:41:08 Item str_dn_staticaaweapon listed twice
10:41:08 Item str_dn_searchlight listed twice
10:41:08 Item str_dn_rifle listed twice
10:41:08 Item str_dn_put listed twice
10:41:08 Item str_dn_pipe_bomb listed twice
10:41:08 Item str_dn_nv_goggles listed twice
10:41:08 Item str_dn_mode_semiauto listed twice
10:41:08 Item str_dn_mode_fullauto listed twice
10:41:08 Item str_dn_mode_burst listed twice
10:41:08 Item str_dn_mine listed twice
10:41:08 Item str_dn_mk82launcher listed twice
10:41:08 Item str_dn_searchlights listed twice
10:41:08 Item str_dn_staticaaweapons listed twice
10:41:08 Item str_dn_staticatweapons listed twice
10:41:08 Item str_dn_staticcannons listed twice
10:41:08 Item str_dn_staticgrenadelaunchers listed twice
10:41:08 Item str_dn_staticmgweapons listed twice
10:41:08 Item str_dn_staticmortars listed twice
10:41:08 Item str_dn_staticweapon listed twice
10:41:08 Item str_dn_staticweapons listed twice
10:41:08 Item str_dn_stone listed twice
10:41:08 Item str_lib_timebomb listed twice
10:41:08 Item str_dn_ships listed twice
10:41:08 Item str_team_switch_view_unit listed twice
10:41:08 Item str_team_switch_player listed twice
10:41:08 Item str_team_switch_ai_stop listed twice
10:41:08 Item str_team_switch_ai_move listed twice
10:41:08 Item str_team_switch_ai_hold_fire listed twice
10:41:08 Item str_team_switch_ai_fire listed twice
10:41:08 Item str_team_switch_ai_behaviour listed twice
10:41:08 Item str_team_switch_ai listed twice
10:41:08 Item str_ca_cancel listed twice
10:41:08 Item str_ca_copy listed twice
10:41:08 Item str_gear_money listed twice
10:41:08 Item str_ca_delete listed twice
10:41:08 Item str_gear_filter listed twice
10:41:08 Item str_ca_difficulty listed twice
10:41:08 Item str_diary_player_name listed twice
10:41:08 Item str_ca_edit listed twice
10:41:08 Item str_diary_mission_name listed twice
10:41:08 Item str_cfg_markers_warning listed twice
10:41:08 Item str_cfg_markers_unknown listed twice
10:41:08 Item str_ca_hide listed twice
10:41:08 Item str_cfg_markers_start listed twice
10:41:08 Item str_cfg_markers_pickup listed twice
10:41:08 Item str_cfg_markers_join listed twice
10:41:08 Item str_ca_loadauto listed twice
10:41:08 Item str_cfg_markers_end listed twice
10:41:08 Item str_cfg_markers_empty listed twice
10:41:08 Item str_cfg_markers_dot listed twice
10:41:08 Item str_cfg_markers_destroy listed twice
10:41:08 Item str_cfg_markers_arrow listed twice
10:41:08 Item str_cfg_markercol_yellow listed twice
10:41:08 Item str_cfg_markercol_white listed twice
10:41:08 Item str_cfg_markercol_red listed twice
10:41:08 Item str_cfg_markercol_green listed twice
10:41:08 Item str_cfg_markercol_blue listed twice
10:41:08 Item str_cfg_markercol_black listed twice
10:41:08 Item str_cfg_markerbr_vertical listed twice
10:41:08 Item str_cfg_markerbr_horizontal listed twice
10:41:08 Item str_cfg_markerbr_grid listed twice
10:41:08 Item str_cfg_markerbr_fdiagonal listed twice
10:41:08 Item str_cfg_markerbr_diaggrid listed twice
10:41:08 Item str_cfg_markerbr_cross listed twice
10:41:08 Item str_cfg_markerbr_bdiagonal listed twice
10:41:08 Item str_ca_multi_join listed twice
10:41:08 Item str_ca_multi_new listed twice
10:41:08 Item str_ca_show listed twice
10:41:08 Item str_ca_select_island listed twice
10:41:08 Item str_ca_multi_remote listed twice
10:41:08 Item str_ca_profile_controls listed twice
10:41:08 Item str_ca_new listed twice
10:41:08 Item str_ca_newuser_title2 listed twice
10:41:08 Item str_cfg_markercol_orange listed twice
10:41:08 Item str_cfg_markers_ambush listed twice
10:41:08 Item str_cfg_markers_arrow2 listed twice
10:41:08 Item str_cfg_markers_box listed twice
10:41:08 Item str_tooltip_main_options listed twice
10:41:08 Item str_tooltip_singleplayer_training listed twice
10:41:08 Item str_tooltip_main_player listed twice
10:41:08 Item str_cfg_markers_circle listed twice
10:41:08 Item str_cfg_markers_select listed twice
10:41:08 Item str_cfg_markers_triangle listed twice
10:41:08 Item str_tooltip_main_exit listed twice
10:41:08 Item str_tooltip_options_audio listed twice
10:41:08 Item str_tooltip_options_configure listed twice
10:41:08 Item str_tooltip_options_gameoptions listed twice
10:41:08 Item str_tooltip_options_video listed twice
10:41:08 Item str_dn_trackedapc listed twice
10:41:08 Item str_dn_trackedapcs listed twice
10:41:08 Item str_cfg_sfx_ca_expl1 listed twice
10:41:08 Item str_cfg_sfx_destrhouse listed twice
10:41:08 Item str_cfg_sfx_fire listed twice
10:41:08 Item str_dn_alarm listed twice
10:41:08 Item str_dn_frog listed twice
10:41:08 Item str_dn_rain listed twice
10:41:08 Item str_dn_sea listed twice
10:41:08 Item str_dn_sound_alarm2 listed twice
10:41:08 Item str_dn_sound_fire listed twice
10:41:08 Item str_dn_stream listed twice
10:41:08 Item str_dn_wind listed twice
10:41:08 Item str_misc_campfire listed twice
10:41:08 Item str_dn_fence_wire listed twice
10:41:08 Item str_dn_flags listed twice
10:41:08 Item str_dn_fortification listed twice
10:41:08 Item str_dn_fortifications listed twice
10:41:08 Item str_dn_gate listed twice
10:41:08 Item str_dn_gates listed twice
10:41:08 Item str_dn_target listed twice
10:41:08 Item str_dn_unknowns listed twice
10:41:08 Item str_misc_campfireBurn listed twice
10:41:08 Item str_controls_3d listed twice
10:41:08 Item str_controls_keys_editor listed twice
10:41:08 Item str_controls_keys_real_time listed twice
10:41:08 Item str_controls_map listed twice
10:41:08 Item str_controls_mouse_link_object listed twice
10:41:08 Item str_controls_mouse_no_object listed twice
10:41:08 Item str_controls_mouse_selected_3d listed twice
10:41:08 Item str_controls_mouse_selected_map listed twice
10:41:08 Item str_controls_mouse_selected_object_3d listed twice
10:41:08 Item str_controls_mouse_selected_object_map listed twice
10:41:08 Item str_editor_prompt_save listed twice
10:41:08 Item str_controls_mouse_unselected_object_3d listed twice
10:41:08 Item str_editor_prompt_overlay_saved listed twice
10:41:08 Item str_controls_mouse_unselected_object_map listed twice
10:41:08 Item str_editor_prompt_overlay_save_commit listed twice
10:41:08 Item str_controls_overlay listed twice
10:41:08 Item str_editor_prompt_overlay_save_close listed twice
10:41:08 Item str_editor_prompt_overlay_save_clear listed twice
10:41:08 Item str_editor_prompt_overlay_committed listed twice
10:41:08 Item str_editor_prompt_overlay_cleared listed twice
10:41:08 Item str_editor_mode_3d listed twice
10:41:08 Item str_editor_mode_2d listed twice
10:41:08 Item str_editor_menu_view_3d listed twice
10:41:08 Item str_editor_menu_view_2d listed twice
10:41:08 Item str_editor_menu_file_save listed twice
10:41:08 Item str_editor_menu_file_restart listed twice
10:41:08 Item str_editor_menu_file_preview listed twice
10:41:08 Item str_editor_menu_file_load listed twice
10:41:08 Item str_editor_menu_file_exit listed twice
10:41:08 Item str_editor_menu_file_clear listed twice
10:41:08 Item str_editor_menu_ctx_switch_veh listed twice
10:41:08 Item str_editor_menu_ctx_set_cam_pos listed twice
10:41:08 Item str_editor_menu_ctx_new_obj listed twice
10:41:08 Item str_editor_menu_ctx_lock_cam listed twice
10:41:08 Item str_editor_menu_ctx_edit_obj listed twice
10:41:08 Item str_editor_menu_ctx_edit_link listed twice
10:41:08 Item str_editor_menu_ctx_del_obj listed twice
10:41:08 Item str_editor_menu_ctx_center_map listed twice
10:41:08 Item str_editor_error_tree_sel listed twice
10:41:08 Item str_editor_error_tree_item listed twice
10:41:08 Item str_editor_error_rtn_val_str listed twice
10:41:08 Item str_editor_error_rtn_val_nil listed twice
10:41:08 Item str_editor_error_rtn_val_false listed twice
10:41:08 Item str_editor_error_overlay_exists listed twice
10:41:08 Item str_editor_error_no_playable_save listed twice
10:41:08 Item str_editor_error_no_playable_preview listed twice
10:41:08 Item str_editor_error_no_overlay listed twice
10:41:08 Item str_editor_error_invalid_overlay_name listed twice
10:41:08 Item str_editor_error_has_links listed twice
10:41:08 Item str_editor_error_child_objs listed twice
10:41:08 Item str_cfg_faces_custom listed twice
10:41:08 Item str_cfg_faces_default listed twice
10:41:08 Item str_dn_menarmy listed twice
10:41:08 Item str_dn_menciv listed twice
10:41:08 Item str_dn_menracs listed twice
10:41:08 Item str_dn_mensla listed twice
10:41:08 Item str_dn_rifleman listed twice
10:41:08 Item str_fn_animalhead_default listed twice
10:41:08 Item str_dn_wall listed twice
10:41:08 Item str_dn_tent listed twice
10:41:08 Item str_dn_churches listed twice
10:41:08 Item str_dn_fence listed twice
10:41:08 Item str_dn_fences listed twice
10:41:08 Item str_dn_out_o_door listed twice
10:41:08 Item str_dn_houses listed twice
10:41:08 Item str_dn_out_c_door listed twice
10:41:08 Item str_dn_ruin listed twice
10:41:08 Item str_dn_ruins listed twice
10:41:08 Item str_dn_walls listed twice
10:41:08 Item str_dn_aircraft listed twice
10:41:08 Item str_dn_aircrafts listed twice
10:41:08 Item str_dn_airplane listed twice
10:41:08 Item str_dn_airplanes listed twice
10:41:08 Item str_dn_attackairplane listed twice
10:41:08 Item str_dn_attackairplanes listed twice
10:41:08 Item str_dn_cargoairplane listed twice
10:41:08 Item str_dn_cargoairplanes listed twice
10:41:08 Item str_dn_gunship listed twice
10:41:08 Item str_dn_gunships listed twice
10:41:08 Item str_dn_helicopters listed twice
10:41:08 Item str_dn_parachutes listed twice
10:41:08 Item str_dn_transporthelicopter listed twice
10:41:08 Item str_dn_transporthelicopters listed twice
10:41:08 Item str_dn_uav listed twice
10:41:08 Item str_dn_uavs listed twice
10:41:08 Item str_dn_woman listed twice
10:41:08 Item str_dn_armory listed twice
10:41:08 Item str_dn_buildings listed twice
10:41:08 Item str_dn_bunkers listed twice
10:41:08 Item str_dn_buoysmall listed twice
10:41:08 Item str_dn_bus listed twice
10:41:08 Item str_dn_buses listed twice
10:41:08 Item str_dn_cubehelper listed twice
10:41:08 Item str_dn_dead_bodies listed twice
10:41:08 Item str_dn_furniture listed twice
10:41:08 Item str_dn_humpsdirt_large listed twice
10:41:08 Item str_dn_locations listed twice
10:41:08 Item str_dn_military listed twice
10:41:08 Item str_dn_misc listed twice
10:41:08 Item str_dn_modules listed twice
10:41:08 Item str_dn_object listed twice
10:41:08 Item str_dn_objects_fortifications listed twice
10:41:08 Item str_dn_obstacle_cylinder listed twice
10:41:08 Item str_dn_obstacle_jump listed twice
10:41:08 Item str_dn_obstacle_saddle listed twice
10:41:08 Item str_dn_platform listed twice
10:41:08 Item str_dn_rampconcrete listed twice
10:41:08 Item str_dn_roadbarrier_light listed twice
10:41:08 Item str_dn_roadbarrier_long listed twice
10:41:08 Item str_dn_signs listed twice
10:41:08 Item str_dn_small_items listed twice
10:41:08 Item str_dn_structure listed twice
10:41:08 Item str_dn_structures listed twice
10:41:08 Item str_dn_tanks listed twice
10:41:08 Item str_dn_targets listed twice
10:41:08 Item str_dn_tents listed twice
10:41:08 Item str_dn_testclass listed twice
10:41:08 Item str_dn_training listed twice
10:41:08 Item str_dn_vehicles listed twice
10:41:08 Item str_dn_wheeledapc listed twice
10:41:08 Item str_dn_wheeledapcs listed twice
10:41:08 Item str_dn_women listed twice
10:41:08 Item str_dn_wreck listed twice
10:41:08 Item str_dn_wrecks listed twice
10:41:09 Unsupported language English in stringtable
10:41:09 Unsupported language English in stringtable
10:41:09 Unsupported language English in stringtable
10:41:09 Unsupported language English in stringtable
10:41:10 Updating base class ->Base, by a3\dubbing_radio_f\config.bin/CfgHQIdentities/PAPA_BEAR/
10:41:10 Updating base class ->Base, by a3\dubbing_radio_f\config.bin/CfgHQIdentities/AirBase/
10:41:10 Updating base class ->Wreck, by a3\data_f\config.bin/CfgVehicles/PlaneWreck/
10:41:10 Updating base class RscShortcutButton->RscButton, by a3\editor_f\config.bin/RscDisplayEditObject/Controls/B_OK/
10:41:10 Updating base class RscSliderH->RscXSliderH, by a3\editor_f\config.bin/RscDisplayEditObject/Slider/
10:41:10 Updating base class RscText->RscPicture, by a3\editor_f\config.bin/RscDisplayEditObject/Preview/
10:41:10 Updating base class RscShortcutButton->RscButton, by a3\editor_f\config.bin/RscDisplayMissionLoad/Controls/B_OK/
10:41:10 Updating base class RscShortcutButton->RscButton, by a3\editor_f\config.bin/RscDisplayMissionSave/Controls/B_OK/
10:41:10 Updating base class ->RscControlsGroup, by a3\ui_f\config.bin/RscControlsGroupNoScrollbars/
10:41:10 Updating base class ->RscControlsGroup, by a3\ui_f\config.bin/RscControlsGroupNoHScrollbars/
10:41:10 Updating base class ->RscControlsGroup, by a3\ui_f\config.bin/RscControlsGroupNoVScrollbars/
10:41:10 Updating base class ->RscText, by a3\ui_f\config.bin/RscLine/
10:41:10 Updating base class ->RscActiveText, by a3\ui_f\config.bin/RscActivePicture/
10:41:10 Updating base class ->RscButton, by a3\ui_f\config.bin/RscButtonTextOnly/
10:41:10 Updating base class ->RscShortcutButton, by a3\ui_f\config.bin/RscShortcutButtonMain/
10:41:10 Updating base class ->RscShortcutButton, by a3\ui_f\config.bin/RscButtonEditor/
10:41:10 Updating base class ->RscShortcutButton, by a3\ui_f\config.bin/RscIGUIShortcutButton/
10:41:10 Updating base class ->RscShortcutButton, by a3\ui_f\config.bin/RscGearShortcutButton/
10:41:10 Updating base class ->RscShortcutButton, by a3\ui_f\config.bin/RscButtonMenu/
10:41:10 Updating base class ->RscButtonMenu, by a3\ui_f\config.bin/RscButtonMenuOK/
10:41:10 Updating base class ->RscButtonMenu, by a3\ui_f\config.bin/RscButtonMenuCancel/
10:41:10 Updating base class ->RscButtonMenu, by a3\ui_f\config.bin/RscButtonMenuSteam/
10:41:10 Updating base class ->RscText, by a3\ui_f\config.bin/RscLoadingText/
10:41:10 Updating base class ->RscListBox, by a3\ui_f\config.bin/RscIGUIListBox/
10:41:10 Updating base class ->RscListNBox, by a3\ui_f\config.bin/RscIGUIListNBox/
10:41:10 Updating base class ->RscText, by a3\ui_f\config.bin/RscBackground/
10:41:10 Updating base class ->RscText, by a3\ui_f\config.bin/RscBackgroundGUI/
10:41:10 Updating base class ->RscPicture, by a3\ui_f\config.bin/RscBackgroundGUILeft/
10:41:10 Updating base class ->RscPicture, by a3\ui_f\config.bin/RscBackgroundGUIRight/
10:41:10 Updating base class ->RscPicture, by a3\ui_f\config.bin/RscBackgroundGUIBottom/
10:41:10 Updating base class ->RscText, by a3\ui_f\config.bin/RscBackgroundGUITop/
10:41:10 Updating base class ->RscText, by a3\ui_f\config.bin/RscBackgroundGUIDark/
10:41:10 Updating base class ->RscPictureKeepAspect, by a3\ui_f\config.bin/RscBackgroundLogo/
10:41:10 Updating base class ->RscMapControl, by a3\ui_f\config.bin/RscMapControlEmpty/
10:41:10 Updating base class ->RscPicture, by a3\ui_f\config.bin/CA_Mainback/
10:41:10 Updating base class ->CA_Mainback, by a3\ui_f\config.bin/CA_Back/
10:41:10 Updating base class ->CA_Mainback, by a3\ui_f\config.bin/CA_Title_Back/
10:41:10 Updating base class ->CA_Mainback, by a3\ui_f\config.bin/CA_Black_Back/
10:41:10 Updating base class ->RscTitle, by a3\ui_f\config.bin/CA_Title/
10:41:10 Updating base class ->RscPictureKeepAspect, by a3\ui_f\config.bin/CA_Logo/
10:41:10 Updating base class ->CA_Logo, by a3\ui_f\config.bin/CA_Logo_Small/
10:41:10 Updating base class ->RscButton, by a3\ui_f\config.bin/CA_RscButton/
10:41:10 Updating base class ->CA_RscButton, by a3\ui_f\config.bin/CA_RscButton_dialog/
10:41:10 Updating base class ->RscActiveText, by a3\ui_f\config.bin/CA_Ok/
10:41:10 Updating base class ->RscText, by a3\ui_f\config.bin/CA_Ok_image/
10:41:10 Updating base class ->RscText, by a3\ui_f\config.bin/CA_Ok_image2/
10:41:10 Updating base class ->RscText, by a3\ui_f\config.bin/CA_Ok_text/
10:41:10 Updating base class ->RscPicture, by a3\ui_f\config.bin/RscVignette/
10:41:10 Updating base class ->RscControlsGroupNoScrollbars, by a3\ui_f\config.bin/RscMapControlTooltip/
10:41:10 Updating base class RscUnitInfo->RscUnitInfoAirNoWeapon, by a3\ui_f\config.bin/RscInGameUI/RscUnitInfoAir/
10:41:10 Updating base class RscShortcutButton->RscButtonMenu, by a3\ui_f\config.bin/RscDisplayDebug/Controls/B_OK/
10:41:10 Updating base class RscShortcutButton->RscButtonMenu, by a3\ui_f\config.bin/RscDisplayDebug/Controls/B_Cancel/
10:41:10 Updating base class RscShortcutButton->RscButtonMenu, by a3\ui_f\config.bin/RscDisplayDebug/Controls/B_Clear/
10:41:10 Updating base class ->RscText, by a3\ui_f\config.bin/RscDisplayCapture/controls/TimeLines/
10:41:10 Updating base class RscShortcutButton->RscButtonMenu, by a3\ui_f\config.bin/RscDisplayCapture/controls/ButtonAverages/
10:41:10 Updating base class RscShortcutButton->RscButtonMenu, by a3\ui_f\config.bin/RscDisplayCapture/controls/ButtonSavePreviousData/
10:41:10 Updating base class RscShortcutButton->RscButtonMenu, by a3\ui_f\config.bin/RscDisplayCapture/controls/ButtonPreviousData/
10:41:10 Updating base class RscControlsGroup->RscControlsGroupNoHScrollbars, by a3\ui_f\config.bin/RscDisplayMain/controls/ModIcons/
10:41:10 Updating base class RscPicture->RscPictureKeepAspect, by a3\ui_f\config.bin/RscDisplayMain/IconPicture/
10:41:10 Updating base class IconPicture->RscPictureKeepAspect, by a3\ui_f\config.bin/RscDisplayMain/DlcOwnedIconPicture/
10:41:10 Updating base class IconPicture->RscPictureKeepAspect, by a3\ui_f\config.bin/RscDisplayMain/DlcIconPicture/
10:41:10 Updating base class RscListBox->RscCombo, by a3\ui_f\config.bin/RscDisplayCustomizeController/Steepness/
10:41:10 Updating base class ->RscStandardDisplay, by a3\ui_f\config.bin/RscDisplayControlSchemes/
10:41:10 Updating base class ButtonOK->RscButtonMenuCancel, by a3\ui_f\config.bin/RscDisplayControlSchemes/controls/ButtonCancel/
10:41:10 Updating base class RscButton->RscButtonMenuOK, by a3\ui_f\config.bin/RscDisplayControlSchemes/controls/ButtonOK/
10:41:10 Updating base class RscPicture->RscPictureKeepAspect, by a3\ui_f\config.bin/RscDisplayFileSelectImage/controls/OverviewPicture/
10:41:10 Updating base class RscShortcutButton->RscButtonMenuCancel, by a3\ui_f\config.bin/RscDisplayFieldManual/controls/ButtonCancel/
10:41:10 Cannot delete class B_KickOff, it is referenced somewhere (used as a base class probably).
10:41:10 Updating base class RscButton->RscButtonMenuCancel, by a3\ui_f\config.bin/RscDisplayPublishMission/controls/ButtonCancel/
10:41:10 Updating base class RscShortcutButton->RscButtonMenuOK, by a3\ui_f\config.bin/RscDisplayPublishMissionSelectTags/controls/ButtonOK/
10:41:10 Updating base class ButtonOK->RscButtonMenuCancel, by a3\ui_f\config.bin/RscDisplayPublishMissionSelectTags/controls/ButtonCancel/
10:41:10 Updating base class ->RscSubmenu, by a3\ui_f\config.bin/RscMainMenu/
10:41:10 Cannot update non class from class a3\ui_f\config.bin/RscCallSupport/Items/
10:41:10 Cannot update non class from class a3\ui_f\config.bin/RscRadio/Items/
10:41:10 Updating base class ->SubmunitionCore, by a3\weapons_f\config.bin/CfgAmmo/SubmunitionBase/
10:41:10 Updating base class ->MissileCore, by a3\weapons_f\config.bin/CfgAmmo/MissileBase/
10:41:10 Updating base class ->RocketCore, by a3\weapons_f\config.bin/CfgAmmo/RocketBase/
10:41:10 Updating base class ->GrenadeCore, by a3\weapons_f\config.bin/CfgAmmo/GrenadeBase/
10:41:10 Updating base class ->Grenade, by a3\weapons_f\config.bin/CfgAmmo/GrenadeHand/
10:41:10 Updating base class ->VehicleMagazine, by a3\weapons_f\config.bin/CfgMagazines/24Rnd_missiles/
10:41:10 Updating base class ->manual, by a3\weapons_f\config.bin/cfgWeapons/LMG_RCWS/close/
10:41:10 Updating base class ->LMG_RCWS, by a3\weapons_f\config.bin/cfgWeapons/LMG_M200/
10:41:10 Updating base class MGun->LMG_RCWS, by a3\weapons_f\config.bin/cfgWeapons/HMG_127/
10:41:10 Updating base class ->RocketPods, by a3\weapons_f\config.bin/cfgWeapons/missiles_DAR/
10:41:10 Updating base class ->MGun, by a3\weapons_f\config.bin/cfgWeapons/GMG_F/
10:41:10 Updating base class ->player, by a3\weapons_f\config.bin/cfgWeapons/autocannon_Base_F/close/
10:41:10 Updating base class ->close, by a3\weapons_f\config.bin/cfgWeapons/autocannon_Base_F/short/
10:41:10 Updating base class ->short, by a3\weapons_f\config.bin/cfgWeapons/autocannon_Base_F/medium/
10:41:10 Updating base class ->medium, by a3\weapons_f\config.bin/cfgWeapons/autocannon_Base_F/far/
10:41:10 Updating base class ->Default, by a3\weapons_f\config.bin/cfgWeapons/GrenadeLauncher/
10:41:10 Updating base class ->Rifle, by a3\weapons_f\config.bin/cfgWeapons/Rifle_Base_F/
10:41:10 Updating base class ->Rifle_Base_F, by a3\weapons_f\config.bin/cfgWeapons/Rifle_Long_Base_F/
10:41:10 Updating base class ->Pistol, by a3\weapons_f\config.bin/cfgWeapons/Pistol_Base_F/
10:41:10 Updating base class ->MineCore, by a3\weapons_f\explosives\config.bin/cfgAmmo/MineBase/
10:41:10 Updating base class ->BoundingMineCore, by a3\weapons_f\explosives\config.bin/cfgAmmo/BoundingMineBase/
10:41:10 Updating base class ->DirectionalBombCore, by a3\weapons_f\explosives\config.bin/cfgAmmo/DirectionalBombBase/
10:41:10 Updating base class ->PipeBombCore, by a3\weapons_f\explosives\config.bin/cfgAmmo/PipeBombBase/
10:41:10 Updating base class ->House_F, by nst\ns_a2\config.bin/CfgVehicles/Land_Mil_Barracks_i/
10:41:10 Updating base class Land_NavigLight->House_F, by nst\ns_a2\config.bin/CfgVehicles/Land_runway_edgelight/
10:41:10 Updating base class MarkerLights->, by nst\ns_a2\config.bin/CfgVehicles/Land_runway_edgelight/MarkerLights/
10:41:10 Updating base class RscText->ctrlStaticBackgroundDisable, by a3\3den\config.bin/RscDisplayOptionsAudio/ControlsBackground/BackgroundDisable/
10:41:10 Updating base class RscText->ctrlStaticBackgroundDisableTiles, by a3\3den\config.bin/RscDisplayOptionsAudio/ControlsBackground/BackgroundDisableTiles/
10:41:10 Updating base class RscText->ctrlStaticBackgroundDisable, by a3\3den\config.bin/RscDisplayConfigure/ControlsBackground/BackgroundDisable/
10:41:10 Updating base class RscText->ctrlStaticBackgroundDisableTiles, by a3\3den\config.bin/RscDisplayConfigure/ControlsBackground/BackgroundDisableTiles/
10:41:10 Updating base class RscText->ctrlStaticBackgroundDisable, by a3\3den\config.bin/RscDisplayConfigureAction/ControlsBackground/BackgroundDisable/
10:41:10 Updating base class RscText->ctrlStaticBackgroundDisableTiles, by a3\3den\config.bin/RscDisplayConfigureAction/ControlsBackground/BackgroundDisableTiles/
10:41:10 Updating base class RscText->ctrlStaticBackgroundDisable, by a3\3den\config.bin/RscDisplayConfigureControllers/ControlsBackground/BackgroundDisable/
10:41:10 Updating base class RscText->ctrlStaticBackgroundDisableTiles, by a3\3den\config.bin/RscDisplayConfigureControllers/ControlsBackground/BackgroundDisableTiles/
10:41:10 Updating base class RscText->ctrlStaticBackgroundDisable, by a3\3den\config.bin/RscDisplayGameOptions/ControlsBackground/BackgroundDisable/
10:41:10 Updating base class RscText->ctrlStaticBackgroundDisableTiles, by a3\3den\config.bin/RscDisplayGameOptions/ControlsBackground/BackgroundDisableTiles/
10:41:10 Updating base class controls->, by a3\3den\config.bin/RscDisplayArcadeMap_Layout_2/Controls/
10:41:10 Updating base class controls->, by a3\3den\config.bin/RscDisplayArcadeMap_Layout_6/Controls/
10:41:10 Updating base class ->Default, by a3\characters_f\heads\config.bin/CfgFaces/Man_A3/
10:41:10 Updating base class ->SlotInfo, by a3\weapons_f_mark\config.bin/UnderBarrelSlot/
10:41:10 Updating base class Rifle_Base_F->Rifle_Long_Base_F, by a3\weapons_f_mark\longrangerifles\dmr_03\config.bin/CfgWeapons/DMR_03_base_F/
10:41:10 Updating base class Rifle_Base_F->Rifle_Long_Base_F, by a3\weapons_f_mark\longrangerifles\dmr_05\config.bin/CfgWeapons/DMR_05_base_F/
10:41:10 Updating base class Rifle_Base_F->Rifle_Long_Base_F, by a3\weapons_f_mark\longrangerifles\dmr_06\config.bin/cfgWeapons/DMR_06_base_F/
10:41:10 Updating base class Rifle_Base_F->Rifle_Long_Base_F, by a3\weapons_f_mark\machineguns\mmg_01\config.bin/CfgWeapons/MMG_01_base_F/
10:41:10 Updating base class Rifle_Base_F->Rifle_Long_Base_F, by a3\weapons_f_mark\machineguns\mmg_02\config.bin/CfgWeapons/MMG_02_base_F/
10:41:10 Updating base class RscStandardDisplay->, by exile_client\config.bin/RscDisplayMain/
10:41:10 Updating base class RscStandardDisplay->, by exile_client\config.bin/RscDisplayMultiplayerSetup/
10:41:10 Updating base class RscPicture->RscText, by exile_client\config.bin/RscDisplayVoiceChat/controls/Picture/
10:41:10 Updating base class ->Car_F, by Exile_psycho_Gaz_volha\config.bin/CfgVehicles/volha_Base/
10:41:10 Updating base class ->Landrover_civ, by Exile_psycho_LRC\config.bin/CfgVehicles/Landrover_Civ_02/
10:41:10 Updating base class ->Landrover_civ, by Exile_psycho_LRC\config.bin/CfgVehicles/LR_Ambulance_Base/
10:41:10 Updating base class ->Octavia_Base, by Exile_psycho_Octavia\config.bin/CfgVehicles/Octavia_Civ_01/
10:41:10 Updating base class ->Car_F, by Exile_psycho_SUV_a3\config.bin/CfgVehicles/SUV_Base/
10:41:10 Updating base class ->Car_F, by exile_psycho_tractor\config.bin/CfgVehicles/Tractor_Base/
10:41:10 Updating base class ->Tractor_Base, by exile_psycho_tractor\config.bin/CfgVehicles/tractorOld/
10:41:10 Updating base class ->UH1H_Closed, by Exile_psycho_UH1H\config.bin/CfgVehicles/UH1H_Clo/
10:41:10 Updating base class ->UH1HL_base, by Exile_psycho_UH1H\config.bin/CfgVehicles/UH1H_M240/
10:41:11 Updating base class ->Ikarus_Civ_Base, by Exile_psycho_Ikarus\config.bin/CfgVehicles/Ikarus_Civ_01/
10:41:11 Updating base class ->Car_F, by Exile_psycho_lada\config.bin/CfgVehicles/Lada_Base/
10:41:11 Updating base class ->Car_F, by Exile_Psycho_towtractor\config.bin/CfgVehicles/TowingTractor/
10:41:11 Updating base class ->Offroad_01_base_F, by Exile_Psycho_UAZ\config.bin/CfgVehicles/UAZ_Base/
10:41:11 Updating base class ->UAZ_Base, by Exile_Psycho_UAZ\config.bin/CfgVehicles/UAZ_Open_Base/
10:41:11 Updating base class ->Ural_Base, by Exile_psycho_Ural\config.bin/CfgVehicles/Ural_RU/
10:41:11 Updating base class ->Ural_Open_Base, by Exile_psycho_Ural\config.bin/CfgVehicles/Ural_Open_RU/
10:41:11 ragdollHitDmgLimit (0.000000) is lower than minimum (0.010000) and it was set to min.
10:41:11 Initializing Steam Manager
10:41:11 Steam Manager initialized.
10:41:11 
10:41:11 ==== Loaded addons ====
10:41:11 
10:41:11 dta\bin.pbo - unknown
10:41:11 dta\core.pbo - 84186
10:41:11 dta\languagecore_f.pbo - 93952
10:41:11 C:\Servers\Arma 3 Exile Server\@Zombies and Demons\addons\ryanzombies.pbo - unknown
10:41:11 C:\Servers\Arma 3 Exile Server\@namalsk\addons\namalsk.pbo - unknown
10:41:11 C:\Servers\Arma 3 Exile Server\@namalsk\addons\ns_a2.pbo - unknown
10:41:11 C:\Servers\Arma 3 Exile Server\@namalsk\addons\ns_jbad.pbo - unknown
10:41:11 C:\Servers\Arma 3 Exile Server\@namalsk\addons\ns_plants.pbo - unknown
10:41:11 C:\Servers\Arma 3 Exile Server\@namalsk\addons\ns_roads.pbo - unknown
10:41:11 C:\Servers\Arma 3 Exile Server\@namalsk\addons\ns_rocks.pbo - unknown
10:41:11 C:\Servers\Arma 3 Exile Server\@namalsk\addons\ns_sounds.pbo - unknown
10:41:11 C:\Servers\Arma 3 Exile Server\@namalsk\addons\ns_structures.pbo - unknown
10:41:11 C:\Servers\Arma 3 Exile Server\mark\addons\anims_f_mark.pbo - 87643
10:41:11 C:\Servers\Arma 3 Exile Server\mark\addons\characters_f_mark.pbo - 92219
10:41:11 C:\Servers\Arma 3 Exile Server\mark\addons\data_f_mark.pbo - 91796
10:41:11 C:\Servers\Arma 3 Exile Server\mark\addons\dubbing_f_mark.pbo - 81923
10:41:11 C:\Servers\Arma 3 Exile Server\mark\addons\dubbing_f_mp_mark.pbo - 81923
10:41:11 C:\Servers\Arma 3 Exile Server\mark\addons\functions_f_mark.pbo - 92129
10:41:11 C:\Servers\Arma 3 Exile Server\mark\addons\functions_f_mp_mark.pbo - 92347
10:41:11 C:\Servers\Arma 3 Exile Server\mark\addons\languagemissions_f_mark.pbo - 93293
10:41:11 C:\Servers\Arma 3 Exile Server\mark\addons\languagemissions_f_mp_mark.pbo - 93293
10:41:11 C:\Servers\Arma 3 Exile Server\mark\addons\language_f_mark.pbo - 93293
10:41:11 C:\Servers\Arma 3 Exile Server\mark\addons\language_f_mp_mark.pbo - 93293
10:41:11 C:\Servers\Arma 3 Exile Server\mark\addons\missions_f_mark.pbo - 92020
10:41:11 C:\Servers\Arma 3 Exile Server\mark\addons\missions_f_mark_data.pbo - 88838
10:41:11 C:\Servers\Arma 3 Exile Server\mark\addons\missions_f_mark_video.pbo - 81429
10:41:11 C:\Servers\Arma 3 Exile Server\mark\addons\missions_f_mp_mark.pbo - 91962
10:41:11 C:\Servers\Arma 3 Exile Server\mark\addons\missions_f_mp_mark_data.pbo - 90131
10:41:11 C:\Servers\Arma 3 Exile Server\mark\addons\modules_f_mark.pbo - 91796
10:41:11 C:\Servers\Arma 3 Exile Server\mark\addons\modules_f_mp_mark.pbo - 92210
10:41:11 C:\Servers\Arma 3 Exile Server\mark\addons\music_f_mark.pbo - 81958
10:41:11 C:\Servers\Arma 3 Exile Server\mark\addons\music_f_mark_music.pbo - 81930
10:41:11 C:\Servers\Arma 3 Exile Server\mark\addons\sounds_f_mark.pbo - 93397
10:41:11 C:\Servers\Arma 3 Exile Server\mark\addons\static_f_mark.pbo - 92219
10:41:11 C:\Servers\Arma 3 Exile Server\mark\addons\structures_f_mark.pbo - 92417
10:41:11 C:\Servers\Arma 3 Exile Server\mark\addons\supplies_f_mark.pbo - 91796
10:41:11 C:\Servers\Arma 3 Exile Server\mark\addons\ui_f_mark.pbo - 84397
10:41:11 C:\Servers\Arma 3 Exile Server\mark\addons\ui_f_mp_mark.pbo - 92052
10:41:11 C:\Servers\Arma 3 Exile Server\mark\addons\weapons_f_mark.pbo - 92549
10:41:11 C:\Servers\Arma 3 Exile Server\kart\addons\anims_f_kart.pbo - 80475
10:41:11 C:\Servers\Arma 3 Exile Server\kart\addons\characters_f_kart.pbo - 92295
10:41:11 C:\Servers\Arma 3 Exile Server\kart\addons\data_f_kart.pbo - 91796
10:41:11 C:\Servers\Arma 3 Exile Server\kart\addons\languagemissions_f_kart.pbo - 93242
10:41:11 C:\Servers\Arma 3 Exile Server\kart\addons\language_f_kart.pbo - 93293
10:41:11 C:\Servers\Arma 3 Exile Server\kart\addons\missions_f_kart.pbo - 89758
10:41:11 C:\Servers\Arma 3 Exile Server\kart\addons\missions_f_kart_data.pbo - 75687
10:41:11 C:\Servers\Arma 3 Exile Server\kart\addons\modules_f_kart.pbo - 92406
10:41:11 C:\Servers\Arma 3 Exile Server\kart\addons\modules_f_kart_data.pbo - 91796
10:41:11 C:\Servers\Arma 3 Exile Server\kart\addons\soft_f_kart.pbo - 92219
10:41:11 C:\Servers\Arma 3 Exile Server\kart\addons\sounds_f_kart.pbo - 79398
10:41:11 C:\Servers\Arma 3 Exile Server\kart\addons\structures_f_kart.pbo - 92417
10:41:11 C:\Servers\Arma 3 Exile Server\kart\addons\ui_f_kart.pbo - 73106
10:41:11 C:\Servers\Arma 3 Exile Server\kart\addons\weapons_f_kart.pbo - 92332
10:41:11 C:\Servers\Arma 3 Exile Server\heli\addons\air_f_heli.pbo - 93382
10:41:11 C:\Servers\Arma 3 Exile Server\heli\addons\anims_f_heli.pbo - 92014
10:41:11 C:\Servers\Arma 3 Exile Server\heli\addons\boat_f_heli.pbo - 91796
10:41:11 C:\Servers\Arma 3 Exile Server\heli\addons\cargoposes_f_heli.pbo - 91484
10:41:11 C:\Servers\Arma 3 Exile Server\heli\addons\data_f_heli.pbo - 91796
10:41:11 C:\Servers\Arma 3 Exile Server\heli\addons\dubbing_f_heli.pbo - 75138
10:41:11 C:\Servers\Arma 3 Exile Server\heli\addons\functions_f_heli.pbo - 91673
10:41:11 C:\Servers\Arma 3 Exile Server\heli\addons\languagemissions_f_heli.pbo - 93293
10:41:11 C:\Servers\Arma 3 Exile Server\heli\addons\language_f_heli.pbo - 93293
10:41:11 C:\Servers\Arma 3 Exile Server\heli\addons\missions_f_heli.pbo - 91795
10:41:11 C:\Servers\Arma 3 Exile Server\heli\addons\missions_f_heli_data.pbo - 75977
10:41:11 C:\Servers\Arma 3 Exile Server\heli\addons\missions_f_heli_video.pbo - 75065
10:41:11 C:\Servers\Arma 3 Exile Server\heli\addons\modules_f_heli.pbo - 91795
10:41:11 C:\Servers\Arma 3 Exile Server\heli\addons\music_f_heli.pbo - 87643
10:41:11 C:\Servers\Arma 3 Exile Server\heli\addons\music_f_heli_music.pbo - 87643
10:41:11 C:\Servers\Arma 3 Exile Server\heli\addons\soft_f_heli.pbo - 91798
10:41:11 C:\Servers\Arma 3 Exile Server\heli\addons\sounds_f_heli.pbo - 79398
10:41:11 C:\Servers\Arma 3 Exile Server\heli\addons\structures_f_heli.pbo - 92499
10:41:11 C:\Servers\Arma 3 Exile Server\heli\addons\supplies_f_heli.pbo - 92499
10:41:11 C:\Servers\Arma 3 Exile Server\heli\addons\ui_f_heli.pbo - 76986
10:41:11 C:\Servers\Arma 3 Exile Server\@ExileServer\addons\exile_server.pbo - unknown
10:41:11 C:\Servers\Arma 3 Exile Server\@ExileServer\addons\exile_server_.old.config.pbo - unknown
10:41:11 C:\Servers\Arma 3 Exile Server\@ExileServer\addons\exile_server_config.pbo - unknown
10:41:11 C:\Servers\Arma 3 Exile Server\@Exile\addons\dbo_old_bike.pbo - unknown
10:41:11 C:\Servers\Arma 3 Exile Server\@Exile\addons\exile_assets.pbo - unknown
10:41:11 C:\Servers\Arma 3 Exile Server\@Exile\addons\exile_client.pbo - unknown
10:41:11 C:\Servers\Arma 3 Exile Server\@Exile\addons\exile_psycho_gaz_volha.pbo - unknown
10:41:11 C:\Servers\Arma 3 Exile Server\@Exile\addons\exile_psycho_ikarus.pbo - unknown
10:41:11 C:\Servers\Arma 3 Exile Server\@Exile\addons\exile_psycho_lada.pbo - unknown
10:41:11 C:\Servers\Arma 3 Exile Server\@Exile\addons\exile_psycho_lrc.pbo - unknown
10:41:11 C:\Servers\Arma 3 Exile Server\@Exile\addons\exile_psycho_octavia.pbo - unknown
10:41:11 C:\Servers\Arma 3 Exile Server\@Exile\addons\exile_psycho_suv_a3.pbo - unknown
10:41:11 C:\Servers\Arma 3 Exile Server\@Exile\addons\exile_psycho_towtractor.pbo - unknown
10:41:11 C:\Servers\Arma 3 Exile Server\@Exile\addons\exile_psycho_tractor.pbo - unknown
10:41:11 C:\Servers\Arma 3 Exile Server\@Exile\addons\exile_psycho_uaz.pbo - unknown
10:41:11 C:\Servers\Arma 3 Exile Server\@Exile\addons\exile_psycho_uh1h.pbo - unknown
10:41:11 C:\Servers\Arma 3 Exile Server\@Exile\addons\exile_psycho_ural.pbo - unknown
10:41:11 C:\Servers\Arma 3 Exile Server\@Exile\addons\gnt_c185.pbo - unknown
10:41:11 C:\Servers\Arma 3 Exile Server\curator\addons\data_f_curator.pbo - 92825
10:41:11 C:\Servers\Arma 3 Exile Server\curator\addons\functions_f_curator.pbo - 92869
10:41:11 C:\Servers\Arma 3 Exile Server\curator\addons\language_f_curator.pbo - 93293
10:41:11 C:\Servers\Arma 3 Exile Server\curator\addons\missions_f_curator.pbo - 91795
10:41:11 C:\Servers\Arma 3 Exile Server\curator\addons\modules_f_curator.pbo - 92935
10:41:11 C:\Servers\Arma 3 Exile Server\curator\addons\ui_f_curator.pbo - 90981
10:41:11 addons\3den.pbo - 93478
10:41:11 addons\3den_language.pbo - 93293
10:41:11 addons\a3.pbo - unknown
10:41:11 addons\air_f.pbo - 92215
10:41:11 addons\air_f_beta.pbo - 92216
10:41:11 addons\air_f_epb.pbo - 92217
10:41:11 addons\air_f_epc.pbo - 92217
10:41:11 addons\air_f_gamma.pbo - 92217
10:41:11 addons\animals_f.pbo - 93217
10:41:11 addons\animals_f_beta.pbo - 91796
10:41:11 addons\anims_f.pbo - 92711
10:41:11 addons\anims_f_bootcamp.pbo - 88948
10:41:11 addons\anims_f_data.pbo - 92643
10:41:11 addons\anims_f_epa.pbo - 89360
10:41:11 addons\anims_f_epc.pbo - 79126
10:41:11 addons\anims_f_exp_a.pbo - 92435
10:41:11 addons\armor_f.pbo - 91796
10:41:11 addons\armor_f_beta.pbo - 92295
10:41:11 addons\armor_f_epb.pbo - 92218
10:41:11 addons\armor_f_epc.pbo - 91793
10:41:11 addons\armor_f_gamma.pbo - 92218
10:41:11 addons\baseconfig_f.pbo - 73106
10:41:11 addons\boat_f.pbo - 92387
10:41:11 addons\boat_f_beta.pbo - 92219
10:41:11 addons\boat_f_epc.pbo - 92219
10:41:11 addons\boat_f_gamma.pbo - 92649
10:41:11 addons\cargoposes_f.pbo - 93278
10:41:11 addons\characters_f.pbo - 92499
10:41:11 addons\characters_f_beta.pbo - 91796
10:41:11 addons\characters_f_bootcamp.pbo - 91796
10:41:11 addons\characters_f_epa.pbo - 91796
10:41:11 addons\characters_f_epb.pbo - 91796
10:41:11 addons\characters_f_epc.pbo - 91796
10:41:11 addons\characters_f_gamma.pbo - 91796
10:41:11 addons\data_f.pbo - 92794
10:41:11 addons\data_f_bootcamp.pbo - 91796
10:41:11 addons\data_f_exp_a.pbo - 92638
10:41:11 addons\data_f_exp_b.pbo - 92546
10:41:11 addons\drones_f.pbo - 92219
10:41:11 addons\dubbing_f.pbo - 73106
10:41:11 addons\dubbing_f_beta.pbo - 73106
10:41:11 addons\dubbing_f_bootcamp.pbo - 87093
10:41:11 addons\dubbing_f_epa.pbo - 73106
10:41:11 addons\dubbing_f_epb.pbo - 76110
10:41:11 addons\dubbing_f_epc.pbo - 87001
10:41:11 addons\dubbing_f_gamma.pbo - 73106
10:41:11 addons\dubbing_radio_f.pbo - 89312
10:41:11 addons\dubbing_radio_f_data_eng.pbo - 92967
10:41:11 addons\dubbing_radio_f_data_engb.pbo - 89130
10:41:11 addons\dubbing_radio_f_data_gre.pbo - 89130
10:41:11 addons\dubbing_radio_f_data_per.pbo - 89130
10:41:11 addons\dubbing_radio_f_data_vr.pbo - 89130
10:41:11 addons\editor_f.pbo - 82563
10:41:11 addons\functions_f.pbo - 93806
10:41:11 addons\functions_f_bootcamp.pbo - 92936
10:41:11 addons\functions_f_epa.pbo - 91671
10:41:11 addons\functions_f_epc.pbo - 91673
10:41:11 addons\functions_f_exp_a.pbo - 92211
10:41:11 addons\languagemissions_f.pbo - 93293
10:41:11 addons\languagemissions_f_beta.pbo - 93293
10:41:11 addons\languagemissions_f_bootcamp.pbo - 93293
10:41:11 addons\languagemissions_f_epa.pbo - 93293
10:41:11 addons\languagemissions_f_epb.pbo - 93293
10:41:11 addons\languagemissions_f_epc.pbo - 93293
10:41:11 addons\languagemissions_f_exp_a.pbo - 93293
10:41:11 addons\languagemissions_f_gamma.pbo - 93293
10:41:11 addons\language_f.pbo - 93293
10:41:11 addons\language_f_beta.pbo - 93293
10:41:11 addons\language_f_bootcamp.pbo - 93293
10:41:11 addons\language_f_epa.pbo - 93293
10:41:11 addons\language_f_epb.pbo - 93293
10:41:11 addons\language_f_epc.pbo - 93293
10:41:11 addons\language_f_exp_a.pbo - 93293
10:41:11 addons\language_f_exp_b.pbo - 93293
10:41:11 addons\language_f_gamma.pbo - 93293
10:41:11 addons\map_altis.pbo - 92834
10:41:11 addons\map_altis_data.pbo - 92834
10:41:11 addons\map_altis_data_layers.pbo - 92834
10:41:11 addons\map_altis_data_layers_00_00.pbo - 92834
10:41:11 addons\map_altis_data_layers_00_01.pbo - 92834
10:41:11 addons\map_altis_data_layers_01_00.pbo - 92834
10:41:11 addons\map_altis_data_layers_01_01.pbo - 92834
10:41:11 addons\map_altis_scenes_f.pbo - 73106
10:41:11 addons\map_data.pbo - 91860
10:41:11 addons\map_stratis.pbo - 91796
10:41:11 addons\map_stratis_data.pbo - 90788
10:41:11 addons\map_stratis_data_layers.pbo - 90788
10:41:11 addons\map_stratis_scenes_f.pbo - 73106
10:41:11 addons\map_vr.pbo - 91796
10:41:11 addons\map_vr_scenes_f.pbo - 90788
10:41:11 addons\misc_f.pbo - 92499
10:41:11 addons\missions_f.pbo - 92743
10:41:11 addons\missions_f_beta.pbo - 92020
10:41:11 addons\missions_f_beta_data.pbo - 85005
10:41:11 addons\missions_f_beta_video.pbo - 73106
10:41:11 addons\missions_f_bootcamp.pbo - 91921
10:41:11 addons\missions_f_bootcamp_data.pbo - 72362
10:41:11 addons\missions_f_bootcamp_video.pbo - 75065
10:41:11 addons\missions_f_data.pbo - 92728
10:41:11 addons\missions_f_epa.pbo - 92525
10:41:11 addons\missions_f_epa_data.pbo - 73106
10:41:11 addons\missions_f_epa_video.pbo - 73106
10:41:11 addons\missions_f_epb.pbo - 92744
10:41:11 addons\missions_f_epb_data.pbo - 92728
10:41:11 addons\missions_f_epb_video.pbo - 73106
10:41:11 addons\missions_f_epc.pbo - 92211
10:41:11 addons\missions_f_epc_data.pbo - 84724
10:41:11 addons\missions_f_epc_video.pbo - 84725
10:41:11 addons\missions_f_exp_a.pbo - 91740
10:41:11 addons\missions_f_exp_a_data.pbo - 90131
10:41:11 addons\missions_f_gamma.pbo - 92020
10:41:11 addons\missions_f_gamma_data.pbo - 86243
10:41:11 addons\missions_f_gamma_video.pbo - 73106
10:41:11 addons\missions_f_video.pbo - 73106
10:41:11 addons\modules_f.pbo - 93384
10:41:11 addons\modules_f_beta.pbo - 92744
10:41:11 addons\modules_f_beta_data.pbo - 92729
10:41:11 addons\modules_f_bootcamp.pbo - 91795
10:41:11 addons\modules_f_data.pbo - 91796
10:41:11 addons\modules_f_epb.pbo - 91796
10:41:11 addons\modules_f_exp_a.pbo - 88829
10:41:11 addons\music_f.pbo - 73106
10:41:11 addons\music_f_bootcamp.pbo - 73106
10:41:11 addons\music_f_bootcamp_music.pbo - 73106
10:41:11 addons\music_f_epa.pbo - 73106
10:41:11 addons\music_f_epa_music.pbo - 73106
10:41:11 addons\music_f_epb.pbo - 73106
10:41:11 addons\music_f_epb_music.pbo - 73106
10:41:11 addons\music_f_epc.pbo - 87643
10:41:11 addons\music_f_epc_music.pbo - 73106
10:41:11 addons\music_f_music.pbo - 73106
10:41:11 addons\plants_f.pbo - 92798
10:41:11 addons\props_f_exp_a.pbo - 92219
10:41:11 addons\roads_f.pbo - 92417
10:41:11 addons\rocks_f.pbo - 91643
10:41:11 addons\signs_f.pbo - 92360
10:41:11 addons\soft_f.pbo - 92417
10:41:11 addons\soft_f_beta.pbo - 92219
10:41:11 addons\soft_f_bootcamp.pbo - 91798
10:41:11 addons\soft_f_epc.pbo - 92219
10:41:11 addons\soft_f_gamma.pbo - 92417
10:41:11 addons\sounds_f.pbo - 92963
10:41:11 addons\sounds_f_arsenal.pbo - 92964
10:41:11 addons\sounds_f_bootcamp.pbo - 91796
10:41:11 addons\sounds_f_characters.pbo - 90106
10:41:11 addons\sounds_f_environment.pbo - 88851
10:41:11 addons\sounds_f_epb.pbo - 88761
10:41:11 addons\sounds_f_epc.pbo - 86933
10:41:11 addons\sounds_f_exp_a.pbo - 88829
10:41:11 addons\sounds_f_sfx.pbo - 88881
10:41:11 addons\sounds_f_vehicles.pbo - 92131
10:41:11 addons\sounds_f_weapons.pbo - 84865
10:41:11 addons\static_f.pbo - 92794
10:41:11 addons\static_f_beta.pbo - 91798
10:41:11 addons\static_f_gamma.pbo - 91798
10:41:11 addons\structures_f.pbo - 92711
10:41:11 addons\structures_f_bootcamp.pbo - 92499
10:41:11 addons\structures_f_data.pbo - 91796
10:41:11 addons\structures_f_epa.pbo - 92499
10:41:11 addons\structures_f_epb.pbo - 92499
10:41:11 addons\structures_f_epc.pbo - 92417
10:41:11 addons\structures_f_exp_a.pbo - 91796
10:41:11 addons\structures_f_households.pbo - 92499
10:41:11 addons\structures_f_ind.pbo - 92499
10:41:11 addons\structures_f_mil.pbo - 93795
10:41:11 addons\structures_f_wrecks.pbo - 92360
10:41:11 addons\uifonts_f.pbo - 93100
10:41:11 addons\uifonts_f_data.pbo - 93149
10:41:11 addons\ui_f.pbo - 93138
10:41:11 addons\ui_f_bootcamp.pbo - 76325
10:41:11 addons\ui_f_data.pbo - 93060
10:41:11 addons\ui_f_exp_a.pbo - 92483
10:41:11 addons\weapons_f.pbo - 92834
10:41:11 addons\weapons_f_beta.pbo - 92208
10:41:11 addons\weapons_f_bootcamp.pbo - 91796
10:41:11 addons\weapons_f_epa.pbo - 91798
10:41:11 addons\weapons_f_epb.pbo - 91798
10:41:11 addons\weapons_f_epc.pbo - 91798
10:41:11 addons\weapons_f_gamma.pbo - 91798
10:41:11 
10:41:11 =======================
10:41:11 
10:41:11 ============================================================================================= List of mods ===============================================================================================
10:41:11 modsReadOnly = true
10:41:11 safeModsActivated = false
10:41:11 customMods = true
10:41:11 hash = '2A5983857BA9F5F15711769CE720CE9879B62CAB'
10:41:11 hashShort = 'fcac21f4'
10:41:11                                               name |               modDir |    default |               origin |                                     hash | hashShort | fullPath
10:41:11 ----------------------------------------------------------------------------------------------------------------------------------------------------------------------------------------------------------
10:41:11                            Ryan's Zombies & Demons |  @Zombies and Demons |      false |             GAME DIR | 9ee92e17ed73ff4c21b8e96fd3476a57f5838777 |  117032f4 | C:\Servers\Arma 3 Exile Server\@Zombies and Demons
10:41:11                                            Namalsk |             @namalsk |      false |             GAME DIR | 7d0ff578a780252827691f9ee0d6f6ad7fd0aa79 |  494f0950 | C:\Servers\Arma 3 Exile Server\@namalsk
10:41:11                                    Arma 3 Marksmen |                 mark |       true |             GAME DIR | ee2a34f8c08de27c3a3fae38611c439713520a93 |  b59d9aca | C:\Servers\Arma 3 Exile Server\mark
10:41:11                                       Arma 3 Karts |                 kart |       true |             GAME DIR | 5551a1af2cb81f522af90065a6d663089851c32b |  618aafea | C:\Servers\Arma 3 Exile Server\kart
10:41:11                                 Arma 3 Helicopters |                 heli |       true |             GAME DIR | 2d6274ea02a85a5be45a58076928acdfa2829f0f |  475a9cb9 | C:\Servers\Arma 3 Exile Server\heli
10:41:11                                       @ExileServer |         @ExileServer |      false |             GAME DIR | cca654f034b5bc0dc32ae7d5bdd015cfe929821b |  cfcdb334 | C:\Servers\Arma 3 Exile Server\@ExileServer
10:41:11                                          Exile Mod |               @Exile |      false |             GAME DIR | 2da2bc9a6ba5c85a2b8352cb4e4efed329f86d1a |  fa374743 | C:\Servers\Arma 3 Exile Server\@Exile
10:41:11                                  Arma 3 DLC Bundle |            dlcbundle |       true |            NOT FOUND |                                          |           | 
10:41:11                                        Arma 3 Zeus |              curator |       true |             GAME DIR | c33f513e3eca4e82f790da3986a4264f57719bc5 |  ba819c35 | C:\Servers\Arma 3 Exile Server\curator
10:41:11                                             Arma 3 |                   A3 |       true |            NOT FOUND |                                          |           | 
10:41:11 ==========================================================================================================================================================================================================
10:41:11 Unknown hit sound type in bin\config.bin/CfgSurfaces/nam_snow.soundHit
10:41:11 InitSound ...
10:41:11 InitSound - complete
10:41:11 PhysX3 SDK Init started ...
10:41:11 PhysX3 SDK Init ended.
10:41:12 Attempt to override final function - rscminimap_script
10:41:12 Attempt to override final function - rscdisplayloading_script
10:41:12 Attempt to override final function - rscdisplayloading_script
10:41:12 Attempt to override final function - rscdisplayloading_script
10:41:12 Attempt to override final function - rscdiary_script
10:41:12 Attempt to override final function - rscdisplaysinglemission_script
10:41:12 Attempt to override final function - rscdiary_script
10:41:12 Attempt to override final function - rscdisplayremotemissions_script
10:41:12 Attempt to override final function - rscdisplayloading_script
10:41:12 Attempt to override final function - rscdiary_script
10:41:12 Attempt to override final function - rscdiary_script
10:41:12 Attempt to override final function - rscdisplaystrategicmap_script
10:41:12 Attempt to override final function - rscdisplaycommon_script
10:41:12 Attempt to override final function - rscdisplaygarage_script
10:41:12 Attempt to override final function - rscdisplayloading_script
10:41:13 Attempt to override final function - rscdisplaycurator_script
10:41:13 Attempt to override final function - rscdisplayattributes_script
10:41:13 Attempt to override final function - rscdisplayattributes_script
10:41:13 Attempt to override final function - rscdisplayattributes_script
10:41:13 Attempt to override final function - display3deneditattributes_script
10:41:13 Attempt to override final function - display3deneditattributes_script
10:41:13 Attempt to override final function - rscdisplayhostsettings_script
10:41:13 Attempt to override final function - rscdisplaycommon_script
10:41:13 Attempt to override final function - rscdisplaydebriefing_script
10:41:13 Attempt to override final function - rscunitinfo_script
10:41:13 Attempt to override final function - rscunitinfo_script
10:41:13 Attempt to override final function - rscunitinfo_script
10:41:13 Attempt to override final function - rscunitinfo_script
10:41:13 Attempt to override final function - rscunitinfo_script
10:41:13 Attempt to override final function - rscunitinfo_script
10:41:13 Attempt to override final function - rscunitinfo_script
10:41:13 Attempt to override final function - rscunitinfo_script
10:41:13 Attempt to override final function - rscunitinfo_script
10:41:13 Attempt to override final function - rscunitinfo_script
10:41:13 Attempt to override final function - rscunitinfo_script
10:41:13 Attempt to override final function - rscunitinfo_script
10:41:13 Attempt to override final function - rscunitinfo_script
10:41:13 Attempt to override final function - rscunitinfo_script
10:41:13 Attempt to override final function - rscunitinfo_script
10:41:13 Attempt to override final function - rscunitinfo_script
10:41:13 Attempt to override final function - rscunitinfo_script
10:41:13 Attempt to override final function - rscunitinfo_script
10:41:13 Attempt to override final function - rscunitinfo_script
10:41:13 Attempt to override final function - rscunitinfo_script
10:41:13 Attempt to override final function - rscunitinfo_script
10:41:13 Attempt to override final function - rscunitinfo_script
10:41:13 Attempt to override final function - rscunitinfo_script
10:41:13 Attempt to override final function - rscunitinfo_script
10:41:13 Attempt to override final function - rscunitinfo_script
10:41:13 Attempt to override final function - rscunitinfo_script
10:41:13 Attempt to override final function - rscunitinfo_script
10:41:13 Attempt to override final function - rscunitinfo_script
10:41:13 Attempt to override final function - rscunitinfo_script
10:41:13 Attempt to override final function - rscunitinfo_script
10:41:13 Attempt to override final function - rscunitinfo_script
10:41:13 Attempt to override final function - rscunitinfo_script
10:41:13 Attempt to override final function - rscunitinfo_script
10:41:13 Attempt to override final function - rscunitinfo_script
10:41:13 Attempt to override final function - rscunitinfo_script
10:41:13 Attempt to override final function - rscunitinfo_script
10:41:13 Attempt to override final function - rscunitinfo_script
10:41:13 Attempt to override final function - rscunitinfo_script
10:41:13 Attempt to override final function - rscunitinfo_script
10:41:13 Attempt to override final function - rscunitinfo_script
10:41:13 Attempt to override final function - rscunitinfo_script
10:41:13 Attempt to override final function - rscunitinfo_script
10:41:13 Attempt to override final function - rscunitinfo_script
10:41:13 Attempt to override final function - rscunitinfo_script
10:41:13 Attempt to override final function - rscunitinfo_script
10:41:13 Attempt to override final function - rscunitinfo_script
10:41:13 Attempt to override final function - rscunitinfo_script
10:41:13 Attempt to override final function - rscunitinfo_script
10:41:13 Attempt to override final function - rscunitinfo_script
10:41:13 Attempt to override final function - rscunitinfo_script
10:41:13 Attempt to override final function - rscunitinfo_script
10:41:13 Attempt to override final function - rscunitinfo_script
10:41:13 Attempt to override final function - rscunitinfo_script
10:41:13 Attempt to override final function - rscunitinfo_script
10:41:13 Attempt to override final function - rscunitinfo_script
10:41:13 Attempt to override final function - rscunitinfo_script
10:41:13 Attempt to override final function - rscunitinfo_script
10:41:13 Attempt to override final function - rscunitinfo_script
10:41:13 Attempt to override final function - slidertime_script
10:41:13 Attempt to override final function - slidertime_script
10:41:13 Attempt to override final function - slidertime_script
10:41:14 VoteThreshold must be in 0..1 range. Defaulting to 0.5
Initializing Steam server - Game Port: 2302, Steam Query Port: 2303
Version: 2
GlobalFlags: 0
DLCFlags: 7
DLCHashes:
1636478954
-1247962422
1197120697
Mods(4):
Hash: 292565748
PublishedId: 501966277
Name: Ryan's Zombies & Demons
Hash: 1229916496
PublishedId: 0
Name: Namalsk
Hash: -808602828
PublishedId: 0
Name: @ExileServer
Hash: -97040573
PublishedId: 0
Name: Exile Mod
Difficulty: 0
AILevel: 0
FlightModel: 0
ThirdPersonCamera: 0
WeaponCrosshair: 0
Signatures:
encodedStream length: 113
encodedStream: ÍØäa öùµπúZGÙ2p≈eÎRyan's Zombies & DemonsP	OINamalsk4≥Õœ@ExileServerCG7˙	Exile Mod
parts size:1)
part(113): ÍØäa öùµπúZGÙ2p≈eÎRyan's Zombies & DemonsP	OINamalsk4≥Õœ@ExileServerCG7˙	Exile Mod
Starting mission:
 Mission file: Exile (__cur_mp)
 Mission world: Namalsk
 Mission directory: mpmissions\__cur_mp.Namalsk\
Attempt to override final function - bis_functions_list
Attempt to override final function - bis_functions_listpreinit
Attempt to override final function - bis_functions_listpostinit
Attempt to override final function - bis_functions_listrecompile
"Namalsk/BIS_fnc_log: [BIS_fnc_preload] ----- Initializing scripts in Exile -----"
"Namalsk/BIS_fnc_log: [recompile] recompile BIS_fnc_missionTasksLocal"
Attempt to override final function - bis_fnc_missiontaskslocal
"Namalsk/BIS_fnc_log: [recompile] recompile BIS_fnc_missionConversationsLocal"
Attempt to override final function - bis_fnc_missionconversationslocal
"Namalsk/BIS_fnc_log: [recompile] recompile BIS_fnc_missionFlow"
Attempt to override final function - bis_fnc_missionflow
"Namalsk/BIS_fnc_log: [preInit] BIS_fnc_diagKey (0 ms)"
"Namalsk/BIS_fnc_log: [preInit] BIS_fnc_feedbackMain (0 ms)"
"Namalsk/BIS_fnc_log: [preInit] BIS_fnc_missionHandlers (0 ms)"
"Namalsk/BIS_fnc_log: [preInit] BIS_fnc_getServerVariable (0 ms)"
"Namalsk/BIS_fnc_log: [preInit] RyanZM_fnc_rzfunctionsdefines (0.999451 ms)"
"Namalsk/BIS_fnc_log: [preInit] BIS_fnc_initPixelUI (0 ms)"
"Namalsk/BIS_fnc_log: [preInit] ExileClient_fnc_preInit (115.001 ms)"
"ExileServer - Server is loading..."
Client: Nonnetwork object 26389f00.
"ExileServer - Installed extDB2 version: 70"
"ExileServer - Connected to database!"
"ExileServer - Database protocol initialized!"
"Namalsk/BIS_fnc_log: [preInit] ExileServer_fnc_preInit (130 ms)"
Connected to Steam servers
"Namalsk/BIS_fnc_log: [script] initServer.sqf"
"Namalsk/BIS_fnc_log: [postInit] BIS_fnc_missionFlow (0 ms)"
"Namalsk/BIS_fnc_log: [postInit] BIS_fnc_initParams (0 ms)"
"Namalsk/BIS_fnc_log: [postInit] BIS_fnc_initRespawn (0 ms)"
"Namalsk/BIS_fnc_log: [postInit] BIS_fnc_sharedObjectives (0 ms)"
"Namalsk/BIS_fnc_log: [postInit] BIS_fnc_3dMarkers (0 ms)"
"Namalsk/BIS_fnc_log: [postInit] BIS_fnc_reviveInit (0 ms)"
"Namalsk/BIS_fnc_log: [postInit] ExileClient_fnc_postInit (0 ms)"
"Sending information to exilemod.com (If config file exists!)..."
"Result: "
"ExileServer - Job with handle 10000 added."
"ExileServer - Job with handle 10001 added."
"ExileServer - Job with handle 10002 added."
"ExileServer - Job with handle 10003 added."
Weather was forced to change
"ExileServer - Job with handle 10004 added."
"ExileServer - Initializing game world..."
"ExileServer - Loading territories from database..."
"ExileServer - Done loading territories!"
"ExileServer - Loading constructions from database..."
"ExileServer - Done loading constructions!"
"ExileServer - Loading vehicles from database..."
Error in expression <000)
];
_vehicleObject = createVehicle [_vehicleClassName, _temporaryPositionInO>
  Error position: <_vehicleClassName, _temporaryPositionInO>
  Error Undefined variable in expression: _vehicleclassname
File exile_server\code\ExileServer_object_vehicle_carefulCreateVehicle.sqf, line 23
Error in expression <ode = _this select 4;
_vehicleObject = [_className, _position, _direction, _useP>
  Error position: <_className, _position, _direction, _useP>
  Error Undefined variable in expression: _classname
File exile_server\code\ExileServer_object_vehicle_createPersistentVehicle.sqf, line 18
Error in expression <
_items = _this select 1;
if ((typeName _items) isEqualTo "ARRAY") then 
{
if!(_>
  Error position: <_items) isEqualTo "ARRAY") then 
{
if!(_>
  Error Undefined variable in expression: _items
File exile_server\code\ExileServer_util_fill_fillItems.sqf, line 15
Error in expression <gazines = _this select 1;
if ((typeName _magazines) isEqualTo "ARRAY") then 
{	
>
  Error position: <_magazines) isEqualTo "ARRAY") then 
{	
>
  Error Undefined variable in expression: _magazines
File exile_server\code\ExileServer_util_fill_fillMagazines.sqf, line 15
Error in expression <weapons = _this select 1;
if ((typeName _weapons) isEqualTo "ARRAY") then 
{
if!>
  Error position: <_weapons) isEqualTo "ARRAY") then 
{
if!>
  Error Undefined variable in expression: _weapons
File exile_server\code\ExileServer_util_fill_fillWeapons.sqf, line 15
Error in expression <tabase_query_selectSingle;
_position = [_data select 8, _data select 9, _data se>
  Error position: <_data select 8, _data select 9, _data se>
  Error Undefined variable in expression: _data
File exile_server\code\ExileServer_object_vehicle_database_load.sqf, line 15
Error in expression <000)
];
_vehicleObject = createVehicle [_vehicleClassName, _temporaryPositionInO>
  Error position: <_vehicleClassName, _temporaryPositionInO>
  Error Undefined variable in expression: _vehicleclassname
File exile_server\code\ExileServer_object_vehicle_carefulCreateVehicle.sqf, line 23
Error in expression <ode = _this select 4;
_vehicleObject = [_className, _position, _direction, _useP>
  Error position: <_className, _position, _direction, _useP>
  Error Undefined variable in expression: _classname
File exile_server\code\ExileServer_object_vehicle_createPersistentVehicle.sqf, line 18
Error in expression <
_items = _this select 1;
if ((typeName _items) isEqualTo "ARRAY") then 
{
if!(_>
  Error position: <_items) isEqualTo "ARRAY") then 
{
if!(_>
  Error Undefined variable in expression: _items
File exile_server\code\ExileServer_util_fill_fillItems.sqf, line 15
Error in expression <gazines = _this select 1;
if ((typeName _magazines) isEqualTo "ARRAY") then 
{	
>
  Error position: <_magazines) isEqualTo "ARRAY") then 
{	
>
  Error Undefined variable in expression: _magazines
File exile_server\code\ExileServer_util_fill_fillMagazines.sqf, line 15
Error in expression <weapons = _this select 1;
if ((typeName _weapons) isEqualTo "ARRAY") then 
{
if!>
  Error position: <_weapons) isEqualTo "ARRAY") then 
{
if!>
  Error Undefined variable in expression: _weapons
File exile_server\code\ExileServer_util_fill_fillWeapons.sqf, line 15
Error in expression <tabase_query_selectSingle;
_position = [_data select 8, _data select 9, _data se>
  Error position: <_data select 8, _data select 9, _data se>
  Error Undefined variable in expression: _data
File exile_server\code\ExileServer_object_vehicle_database_load.sqf, line 15
"ExileServer - Done loading vehicles!"
"ExileServer - Loading containers from database..."
"ExileServer - Done loading containers!"
"ExileServer - Creating spawn zone vehicles..."
"ExileServer - Spawning Dynamic Vehicles. GridSize: 2200 Vehs/Grid : 2"
c:\w\stable\futura\lib\network\networkserver.cpp NetworkServer::OnClientStateChanged:NOT IMPLEMENTED - briefing!
 Mission id: a3ff9611ea7b21a73fa6c03d78704c34e775b963
Exile_Cosmetic_MG: MainTurret - unknown animation source mainTurret
Exile_Cosmetic_MG: MainGun - unknown animation source mainGun
Exile_Cosmetic_MG: Ammo_belt_rotation - unknown animation source ReloadAnim
Exile_Cosmetic_MG: Bolt_reload_begin - unknown animation source reloadMagazine
Exile_Cosmetic_MG: muzzleFlash - unknown animation source muzzle_source
Exile_Cosmetic_MG: zaslehROT - unknown animation source muzzle_source_rot
Exile_Cosmetic_MG: AddAutonomous_unhide - unknown animation source autonomous_unhide
Exile_Cosmetic_MG: bullet001_reload_hide - unknown animation source revolving
Exile_Cosmetic_UAV: RotorImpactHide - unknown animation source rotorHFullyDestroyed
Exile_Cosmetic_UAV: TailRotorImpactHide - unknown animation source tailRotorHFullyDestroyed
Exile_Cosmetic_UAV: propeller1_rotation - unknown animation source rotorH
Exile_Cosmetic_UAV: propeller2_rotation - unknown animation source rotorV
Exile_Cosmetic_UAV: propeller1_hide - unknown animation source rpm
Exile_Cosmetic_UAV: MainTurret - unknown animation source mainTurret
Exile_Cosmetic_UAV: MainGun - unknown animation source mainGun
Land_Box_AmmoOld_F: Ammo_hide - unknown animation source Ammo_source
Land_Box_AmmoOld_F: AmmoOrd_hide - unknown animation source AmmoOrd_source
Land_Box_AmmoOld_F: Grenades_hide - unknown animation source Grenades_source
Land_Box_AmmoOld_F: Support_hide - unknown animation source Support_source
Exile_Car_Octavius_White: IndicatorOil - unknown animation source oilTemp
Exile_Car_Octavius_White: fuel - unknown animation source fuel_1
Exile_Car_Octavius_White: gearbox - unknown animation source gearbox
Exile_Car_Octavius_White: Trunk2 - unknown animation source trunk
Render target memory points PIP0_pos & PIP0_dir not found.
Render target memory points PIP1_pos & PIP1_dir not found.
Render target memory points PIP2_pos & PIP2_dir not found.
Cannot load surface info ca\data\Penetration\mattress.bisurf
Exile_Car_UAZ_Open_Green: wiper_1_loop - unknown animation source wipers
Exile_Car_UAZ_Open_Green: wipers - unknown animation source wiper
Exile_Car_UAZ_Green: wiper_1_loop - unknown animation source wipers
Exile_Car_UAZ_Green: wipers - unknown animation source wiper
Render target memory points PIP1_pos & PIP1_dir not found.
Render target memory points PIP2_pos & PIP2_dir not found.
"ExileServer - Dynamic vehicles spawned. Count : 37"
"ExileServer - Game world initialized! Let the fun begin!"
"ExileServer - Job with handle 10005 added."
"ExileServer - Server is up and running! Version: 0.9.6"
"Namalsk/BIS_fnc_log: [postInit] ExileServer_fnc_postInit (1724 ms)"
"ExileServer - Main thread started"
"Namalsk/BIS_fnc_log: [BIS_fnc_preload] ----- Scripts initialized at 2204 ms -----"
c:\w\stable\futura\lib\network\networkserver.cpp ClearNetServer:NOT IMPLEMENTED - briefing!
Extensions:
  extDB2 (C:\Servers\Arma 3 Exile Server\@ExileServer\extDB2.dll) [70.0.0.0] [70.0.0.0]

