=====================================================================
== C:\Servers\Arma 3 Exile Server\arma3server.exe
== "C:\Servers\Arma 3 Exile Server\arma3server.exe"  -port=2302 "-config=C:\Servers\Arma 3 Exile Server\TADST\Namalsk\TADST_config.cfg" "-cfg=C:\Servers\Arma 3 Exile Server\TADST\Namalsk\TADST_basic.cfg" "-profiles=C:\Servers\Arma 3 Exile Server\TADST\Namalsk" -name=Namalsk -filePatching "-mod=@Exile;@ExileServer;heli;kart;mark;@AllInArmaTerrainPack;@Esseker;@Zombies and Demons;@CUP Weapons;@CUP Units;@CUP Vehicles;@TRYK's Multi-Play Unifrom's pack;@CBA_A3" -autoInit

Original output filename: Arma3Retail_Server
Exe timestamp: 2016/03/02 14:35:06
Current time:  2016/04/20 11:25:17

Type: Public
Build: Stable
Version: 1.56.134787

Allocator: C:\Servers\Arma 3 Exile Server\dll\tbb4malloc_bi.dll
=====================================================================

11:25:17 SteamAPI initialization failed. Steam features wont's be accessible!
11:25:17 Initializing stats manager.
11:25:17 Stats config disabled.
11:25:17 sessionID: 726422af44e53a1659480e9da2f25198373704ec
11:25:22 Item STR_CUP_dss_Soviet_Era_Tanker_Helmet listed twice
11:25:22 Unsupported language English in stringtable
11:25:22 Unsupported language English in stringtable
11:25:22 Unsupported language English in stringtable
11:25:22 Unsupported language English in stringtable
11:25:22 Unsupported language English in stringtable
11:25:22 Conflicting addon TRYK_Uniform in 'zabb\', previous definition in 'tryk_unit\'
11:25:22 Conflicting addon TRYK_Uniform in 'zabb2\', previous definition in 'tryk_unit\'
11:25:22 Conflicting addon TRYK_Uniform in 'Zara\', previous definition in 'tryk_unit\'
11:25:23 Warning Message: Addon 'Sar_obelisk' requires addon 'CAData'
11:25:25 Warning Message: Addon 'Sar_obelisk' requires addon 'CABuildings'
11:25:25 Warning Message: Addon 'Sar_obelisk' requires addon 'cacharacters'
11:25:25 Warning Message: Addon 'Sar_obelisk' requires addon 'CAMisc'
11:25:25 Warning Message: Addon 'SAR_ru_architecture' requires addon 'CAData'
11:25:25 Warning Message: Addon 'SAR_ru_architecture' requires addon 'CABuildings'
11:25:25 Warning Message: Addon 'SAR_ru_architecture' requires addon 'cacharacters'
11:25:25 Warning Message: Addon 'SAR_ru_architecture' requires addon 'CAMisc'
11:25:25 Warning Message: Addon 'Sar_struktures' requires addon 'CAData'
11:25:25 Warning Message: Addon 'Sar_struktures' requires addon 'CABuildings'
11:25:25 Warning Message: Addon 'Sar_struktures' requires addon 'cacharacters'
11:25:25 Warning Message: Addon 'Sar_struktures' requires addon 'CAMisc'
11:25:25 Updating base class ->Base, by a3\dubbing_radio_f\config.bin/CfgHQIdentities/PAPA_BEAR/
11:25:25 Updating base class ->Base, by a3\dubbing_radio_f\config.bin/CfgHQIdentities/AirBase/
11:25:25 Updating base class ->NonStrategic, by CST\CST_Infrastructure\objects\fuelstation\config.bin/CfgVehicles/HouseBase/
11:25:25 Updating base class ->DestructionEffects, by CST\CST_Infrastructure\objects\fuelstation\config.bin/CfgVehicles/House/DestructionEffects/
11:25:25 Updating base class LandVehicle->, by CUP\Vehicles\CUP_Vehicles_Fastrope\config.bin/CfgVehicles/Motorcycle/
11:25:25 Updating base class Building->Static, by ES_Buildings\config.bin/CfgVehicles/NonStrategic/
11:25:25 Updating base class HouseBase->NonStrategic, by ES_Buildings\config.bin/CfgVehicles/House/
11:25:25 Updating base class NonStrategic->HouseBase, by sar_ru_architect\config.bin/CfgVehicles/House/
11:25:25 Updating base class None->, by Shemagh\config.cpp/CfgGlasses/TRYK_headset_glasses/
11:25:25 Updating base class ->LandVehicle, by a3\data_f\config.bin/CfgVehicles/Motorcycle/
11:25:25 Updating base class Static->Building, by a3\data_f\config.bin/CfgVehicles/NonStrategic/
11:25:25 Updating base class ->HouseBase, by a3\data_f\config.bin/CfgVehicles/Ruins/
11:25:25 Updating base class ->Smoke1, by a3\data_f\config.bin/CfgVehicles/House/DestructionEffects/Smoke2/
11:25:25 Updating base class ->Smoke1, by a3\data_f\config.bin/CfgVehicles/House/DestructionEffects/Smoke3/
11:25:25 Updating base class ->Smoke1Med, by a3\data_f\config.bin/CfgVehicles/House/DestructionEffects/Smoke2Med/
11:25:25 Updating base class ->Smoke1Med, by a3\data_f\config.bin/CfgVehicles/House/DestructionEffects/Smoke3Med/
11:25:25 Updating base class ->Smoke1Low, by a3\data_f\config.bin/CfgVehicles/House/DestructionEffects/Smoke2Low/
11:25:25 Updating base class ->Smoke1Low, by a3\data_f\config.bin/CfgVehicles/House/DestructionEffects/Smoke3Low/
11:25:25 Updating base class ->NonStrategic, by a3\data_f\config.bin/CfgVehicles/Wall/
11:25:25 Updating base class ->Wreck, by a3\data_f\config.bin/CfgVehicles/PlaneWreck/
11:25:25 Updating base class RscShortcutButton->RscButton, by a3\editor_f\config.bin/RscDisplayEditObject/Controls/B_OK/
11:25:25 Updating base class RscSliderH->RscXSliderH, by a3\editor_f\config.bin/RscDisplayEditObject/Slider/
11:25:25 Updating base class RscText->RscPicture, by a3\editor_f\config.bin/RscDisplayEditObject/Preview/
11:25:25 Updating base class RscShortcutButton->RscButton, by a3\editor_f\config.bin/RscDisplayMissionLoad/Controls/B_OK/
11:25:25 Updating base class RscShortcutButton->RscButton, by a3\editor_f\config.bin/RscDisplayMissionSave/Controls/B_OK/
11:25:25 Updating base class ->Ruins, by a3\structures_f\config.bin/CfgVehicles/Ruins_F/
11:25:25 Updating base class Land_pletivo_wired->Wall_F, by a3\structures_f\walls\config.bin/cfgVehicles/Land_Wall_Tin_4/
11:25:25 Updating base class Land_pletivo_wired->Wall_F, by a3\structures_f\walls\config.bin/cfgVehicles/Land_Wall_Tin_4_2/
11:25:25 Updating base class ->Default, by a3\anims_f\config\sdr\config.bin/CfgMovesBasic/DefaultDie/
11:25:25 Updating base class ->Default, by a3\anims_f\config\sdr\config.bin/CfgMovesMaleSdr/States/Crew/
11:25:25 Updating base class ->RscControlsGroup, by a3\ui_f\config.bin/RscControlsGroupNoScrollbars/
11:25:25 Updating base class ->RscControlsGroup, by a3\ui_f\config.bin/RscControlsGroupNoHScrollbars/
11:25:25 Updating base class ->RscControlsGroup, by a3\ui_f\config.bin/RscControlsGroupNoVScrollbars/
11:25:25 Updating base class ->RscText, by a3\ui_f\config.bin/RscLine/
11:25:25 Updating base class ->RscActiveText, by a3\ui_f\config.bin/RscActivePicture/
11:25:25 Updating base class ->RscButton, by a3\ui_f\config.bin/RscButtonTextOnly/
11:25:25 Updating base class ->RscShortcutButton, by a3\ui_f\config.bin/RscShortcutButtonMain/
11:25:25 Updating base class ->RscShortcutButton, by a3\ui_f\config.bin/RscButtonEditor/
11:25:25 Updating base class ->RscShortcutButton, by a3\ui_f\config.bin/RscIGUIShortcutButton/
11:25:25 Updating base class ->RscShortcutButton, by a3\ui_f\config.bin/RscGearShortcutButton/
11:25:25 Updating base class ->RscShortcutButton, by a3\ui_f\config.bin/RscButtonMenu/
11:25:25 Updating base class ->RscButtonMenu, by a3\ui_f\config.bin/RscButtonMenuOK/
11:25:25 Updating base class ->RscButtonMenu, by a3\ui_f\config.bin/RscButtonMenuCancel/
11:25:25 Updating base class ->RscButtonMenu, by a3\ui_f\config.bin/RscButtonMenuSteam/
11:25:25 Updating base class ->RscText, by a3\ui_f\config.bin/RscLoadingText/
11:25:25 Updating base class ->RscListBox, by a3\ui_f\config.bin/RscIGUIListBox/
11:25:25 Updating base class ->RscListNBox, by a3\ui_f\config.bin/RscIGUIListNBox/
11:25:25 Updating base class ->RscText, by a3\ui_f\config.bin/RscBackground/
11:25:25 Updating base class ->RscText, by a3\ui_f\config.bin/RscBackgroundGUI/
11:25:25 Updating base class ->RscPicture, by a3\ui_f\config.bin/RscBackgroundGUILeft/
11:25:25 Updating base class ->RscPicture, by a3\ui_f\config.bin/RscBackgroundGUIRight/
11:25:25 Updating base class ->RscPicture, by a3\ui_f\config.bin/RscBackgroundGUIBottom/
11:25:25 Updating base class ->RscText, by a3\ui_f\config.bin/RscBackgroundGUITop/
11:25:25 Updating base class ->RscText, by a3\ui_f\config.bin/RscBackgroundGUIDark/
11:25:25 Updating base class ->RscPictureKeepAspect, by a3\ui_f\config.bin/RscBackgroundLogo/
11:25:25 Updating base class ->RscMapControl, by a3\ui_f\config.bin/RscMapControlEmpty/
11:25:25 Updating base class ->RscPicture, by a3\ui_f\config.bin/CA_Mainback/
11:25:25 Updating base class ->CA_Mainback, by a3\ui_f\config.bin/CA_Back/
11:25:25 Updating base class ->CA_Mainback, by a3\ui_f\config.bin/CA_Title_Back/
11:25:25 Updating base class ->CA_Mainback, by a3\ui_f\config.bin/CA_Black_Back/
11:25:25 Updating base class ->RscTitle, by a3\ui_f\config.bin/CA_Title/
11:25:25 Updating base class ->RscPictureKeepAspect, by a3\ui_f\config.bin/CA_Logo/
11:25:25 Updating base class ->CA_Logo, by a3\ui_f\config.bin/CA_Logo_Small/
11:25:25 Updating base class ->RscButton, by a3\ui_f\config.bin/CA_RscButton/
11:25:25 Updating base class ->CA_RscButton, by a3\ui_f\config.bin/CA_RscButton_dialog/
11:25:25 Updating base class ->RscActiveText, by a3\ui_f\config.bin/CA_Ok/
11:25:25 Updating base class ->RscText, by a3\ui_f\config.bin/CA_Ok_image/
11:25:25 Updating base class ->RscText, by a3\ui_f\config.bin/CA_Ok_image2/
11:25:25 Updating base class ->RscText, by a3\ui_f\config.bin/CA_Ok_text/
11:25:25 Updating base class ->RscPicture, by a3\ui_f\config.bin/RscVignette/
11:25:25 Updating base class ->RscControlsGroupNoScrollbars, by a3\ui_f\config.bin/RscMapControlTooltip/
11:25:25 Updating base class ->RscText, by a3\ui_f\config.bin/RscOpticsText/
11:25:25 Updating base class ->RscOpticsText, by a3\ui_f\config.bin/RscOpticsValue/
11:25:25 Updating base class RscUnitInfo->RscUnitInfoAirNoWeapon, by a3\ui_f\config.bin/RscInGameUI/RscUnitInfoAir/
11:25:25 Updating base class RscShortcutButton->RscButtonMenu, by a3\ui_f\config.bin/RscDisplayDebug/Controls/B_OK/
11:25:25 Updating base class RscShortcutButton->RscButtonMenu, by a3\ui_f\config.bin/RscDisplayDebug/Controls/B_Cancel/
11:25:25 Updating base class RscShortcutButton->RscButtonMenu, by a3\ui_f\config.bin/RscDisplayDebug/Controls/B_Clear/
11:25:25 Updating base class ->RscText, by a3\ui_f\config.bin/RscDisplayCapture/controls/TimeLines/
11:25:25 Updating base class RscShortcutButton->RscButtonMenu, by a3\ui_f\config.bin/RscDisplayCapture/controls/ButtonAverages/
11:25:25 Updating base class RscShortcutButton->RscButtonMenu, by a3\ui_f\config.bin/RscDisplayCapture/controls/ButtonSavePreviousData/
11:25:25 Updating base class RscShortcutButton->RscButtonMenu, by a3\ui_f\config.bin/RscDisplayCapture/controls/ButtonPreviousData/
11:25:25 Updating base class RscControlsGroup->RscControlsGroupNoHScrollbars, by a3\ui_f\config.bin/RscDisplayMain/controls/ModIcons/
11:25:25 Updating base class RscPicture->RscPictureKeepAspect, by a3\ui_f\config.bin/RscDisplayMain/IconPicture/
11:25:25 Updating base class IconPicture->RscPictureKeepAspect, by a3\ui_f\config.bin/RscDisplayMain/DlcOwnedIconPicture/
11:25:25 Updating base class IconPicture->RscPictureKeepAspect, by a3\ui_f\config.bin/RscDisplayMain/DlcIconPicture/
11:25:25 Updating base class RscListBox->RscCombo, by a3\ui_f\config.bin/RscDisplayCustomizeController/Steepness/
11:25:25 Updating base class ->RscStandardDisplay, by a3\ui_f\config.bin/RscDisplayControlSchemes/
11:25:25 Updating base class ButtonOK->RscButtonMenuCancel, by a3\ui_f\config.bin/RscDisplayControlSchemes/controls/ButtonCancel/
11:25:25 Updating base class RscButton->RscButtonMenuOK, by a3\ui_f\config.bin/RscDisplayControlSchemes/controls/ButtonOK/
11:25:25 Updating base class RscPicture->RscPictureKeepAspect, by a3\ui_f\config.bin/RscDisplayFileSelectImage/controls/OverviewPicture/
11:25:26 Updating base class RscShortcutButton->RscButtonMenuCancel, by a3\ui_f\config.bin/RscDisplayFieldManual/controls/ButtonCancel/
11:25:26 Cannot delete class B_KickOff, it is referenced somewhere (used as a base class probably).
11:25:26 Updating base class RscButton->RscButtonMenuCancel, by a3\ui_f\config.bin/RscDisplayPublishMission/controls/ButtonCancel/
11:25:26 Updating base class RscShortcutButton->RscButtonMenuOK, by a3\ui_f\config.bin/RscDisplayPublishMissionSelectTags/controls/ButtonOK/
11:25:26 Updating base class ButtonOK->RscButtonMenuCancel, by a3\ui_f\config.bin/RscDisplayPublishMissionSelectTags/controls/ButtonCancel/
11:25:26 Updating base class ->RscSubmenu, by a3\ui_f\config.bin/RscMainMenu/
11:25:26 Cannot update non class from class a3\ui_f\config.bin/RscCallSupport/Items/
11:25:26 Cannot update non class from class a3\ui_f\config.bin/RscRadio/Items/
11:25:26 Updating base class ->SubmunitionCore, by a3\weapons_f\config.bin/CfgAmmo/SubmunitionBase/
11:25:26 Updating base class ->MissileCore, by a3\weapons_f\config.bin/CfgAmmo/MissileBase/
11:25:26 Updating base class ->RocketCore, by a3\weapons_f\config.bin/CfgAmmo/RocketBase/
11:25:26 Updating base class ->GrenadeCore, by a3\weapons_f\config.bin/CfgAmmo/GrenadeBase/
11:25:26 Updating base class ->Grenade, by a3\weapons_f\config.bin/CfgAmmo/GrenadeHand/
11:25:26 Updating base class ->VehicleMagazine, by a3\weapons_f\config.bin/CfgMagazines/24Rnd_missiles/
11:25:26 Updating base class ->manual, by a3\weapons_f\config.bin/cfgWeapons/LMG_RCWS/close/
11:25:26 Updating base class ->LMG_RCWS, by a3\weapons_f\config.bin/cfgWeapons/LMG_M200/
11:25:26 Updating base class MGun->LMG_RCWS, by a3\weapons_f\config.bin/cfgWeapons/HMG_127/
11:25:26 Updating base class ->RocketPods, by a3\weapons_f\config.bin/cfgWeapons/missiles_DAR/
11:25:26 Updating base class ->MGun, by a3\weapons_f\config.bin/cfgWeapons/GMG_F/
11:25:26 Updating base class ->player, by a3\weapons_f\config.bin/cfgWeapons/autocannon_Base_F/close/
11:25:26 Updating base class ->close, by a3\weapons_f\config.bin/cfgWeapons/autocannon_Base_F/short/
11:25:26 Updating base class ->short, by a3\weapons_f\config.bin/cfgWeapons/autocannon_Base_F/medium/
11:25:26 Updating base class ->medium, by a3\weapons_f\config.bin/cfgWeapons/autocannon_Base_F/far/
11:25:26 Updating base class ->Default, by a3\weapons_f\config.bin/cfgWeapons/GrenadeLauncher/
11:25:26 Updating base class ->Rifle, by a3\weapons_f\config.bin/cfgWeapons/Rifle_Base_F/
11:25:26 Updating base class ->Rifle_Base_F, by a3\weapons_f\config.bin/cfgWeapons/Rifle_Long_Base_F/
11:25:26 Updating base class ->Pistol, by a3\weapons_f\config.bin/cfgWeapons/Pistol_Base_F/
11:25:26 Updating base class ->Default, by a3\weapons_f\config.bin/cfgWeapons/ItemCore/
11:25:26 Updating base class ->Binocular, by a3\weapons_f\config.bin/cfgWeapons/NVGoggles/
11:25:26 Updating base class ->MineCore, by a3\weapons_f\explosives\config.bin/cfgAmmo/MineBase/
11:25:26 Updating base class ->BoundingMineCore, by a3\weapons_f\explosives\config.bin/cfgAmmo/BoundingMineBase/
11:25:26 Updating base class ->DirectionalBombCore, by a3\weapons_f\explosives\config.bin/cfgAmmo/DirectionalBombBase/
11:25:26 Updating base class ->PipeBombCore, by a3\weapons_f\explosives\config.bin/cfgAmmo/PipeBombBase/
11:25:26 Updating base class ->InventoryItem_Base_F, by a3\weapons_f\items\config.bin/CfgWeapons/UniformItem/
11:25:26 Updating base class RscText->ctrlStaticBackgroundDisable, by a3\3den\config.bin/RscDisplayOptionsAudio/ControlsBackground/BackgroundDisable/
11:25:26 Updating base class RscText->ctrlStaticBackgroundDisableTiles, by a3\3den\config.bin/RscDisplayOptionsAudio/ControlsBackground/BackgroundDisableTiles/
11:25:26 Updating base class RscText->ctrlStaticBackgroundDisable, by a3\3den\config.bin/RscDisplayConfigure/ControlsBackground/BackgroundDisable/
11:25:26 Updating base class RscText->ctrlStaticBackgroundDisableTiles, by a3\3den\config.bin/RscDisplayConfigure/ControlsBackground/BackgroundDisableTiles/
11:25:26 Updating base class RscText->ctrlStaticBackgroundDisable, by a3\3den\config.bin/RscDisplayConfigureAction/ControlsBackground/BackgroundDisable/
11:25:26 Updating base class RscText->ctrlStaticBackgroundDisableTiles, by a3\3den\config.bin/RscDisplayConfigureAction/ControlsBackground/BackgroundDisableTiles/
11:25:26 Updating base class RscText->ctrlStaticBackgroundDisable, by a3\3den\config.bin/RscDisplayConfigureControllers/ControlsBackground/BackgroundDisable/
11:25:26 Updating base class RscText->ctrlStaticBackgroundDisableTiles, by a3\3den\config.bin/RscDisplayConfigureControllers/ControlsBackground/BackgroundDisableTiles/
11:25:26 Updating base class RscText->ctrlStaticBackgroundDisable, by a3\3den\config.bin/RscDisplayGameOptions/ControlsBackground/BackgroundDisable/
11:25:26 Updating base class RscText->ctrlStaticBackgroundDisableTiles, by a3\3den\config.bin/RscDisplayGameOptions/ControlsBackground/BackgroundDisableTiles/
11:25:26 Updating base class controls->, by a3\3den\config.bin/RscDisplayArcadeMap_Layout_2/Controls/
11:25:26 Updating base class controls->, by a3\3den\config.bin/RscDisplayArcadeMap_Layout_6/Controls/
11:25:26 Updating base class ->SoldierWB, by a3\characters_f\config.bin/CfgVehicles/B_Soldier_base_F/
11:25:26 Updating base class ->UniformItem, by a3\characters_f\config.bin/cfgWeapons/Uniform_Base/ItemInfo/
11:25:26 Updating base class ->InventoryItem_Base_F, by a3\characters_f\config.bin/cfgWeapons/HeadgearItem/
11:25:26 Updating base class ->Default, by a3\characters_f\heads\config.bin/CfgFaces/Man_A3/
11:25:26 Updating base class Turrets->Turrets, by a3\static_f\config.bin/CfgVehicles/StaticMGWeapon/Turrets/
11:25:26 Updating base class ->MainTurret, by a3\static_f\config.bin/CfgVehicles/StaticMGWeapon/Turrets/MainTurret/
11:25:26 Updating base class Turrets->, by a3\air_f_beta\config.bin/CfgVehicles/Plane_Base_F/Turrets/
11:25:26 Updating base class ->SlotInfo, by a3\weapons_f_mark\config.bin/UnderBarrelSlot/
11:25:26 Updating base class Rifle_Base_F->Rifle_Long_Base_F, by a3\weapons_f_mark\longrangerifles\dmr_03\config.bin/CfgWeapons/DMR_03_base_F/
11:25:26 Updating base class Rifle_Base_F->Rifle_Long_Base_F, by a3\weapons_f_mark\longrangerifles\dmr_05\config.bin/CfgWeapons/DMR_05_base_F/
11:25:26 Updating base class Rifle_Base_F->Rifle_Long_Base_F, by a3\weapons_f_mark\longrangerifles\dmr_06\config.bin/cfgWeapons/DMR_06_base_F/
11:25:26 Updating base class Rifle_Base_F->Rifle_Long_Base_F, by a3\weapons_f_mark\machineguns\mmg_01\config.bin/CfgWeapons/MMG_01_base_F/
11:25:26 Updating base class Rifle_Base_F->Rifle_Long_Base_F, by a3\weapons_f_mark\machineguns\mmg_02\config.bin/CfgWeapons/MMG_02_base_F/
11:25:26 Updating base class KIA_RHIB_Cargo->DefaultDie, by CUP\WaterVehicles\CUP_WaterVehicles_Zodiac\config.bin/CfgMovesMaleSdr/States/Zodiac_Dead/
11:25:26 Updating base class RscStandardDisplay->, by exile_client\config.bin/RscDisplayMain/
11:25:26 Updating base class RscStandardDisplay->, by exile_client\config.bin/RscDisplayMultiplayerSetup/
11:25:26 Updating base class RscPicture->RscText, by exile_client\config.bin/RscDisplayVoiceChat/controls/Picture/
11:25:26 Updating base class ->Car_F, by Exile_psycho_Gaz_volha\config.bin/CfgVehicles/volha_Base/
11:25:26 Updating base class ->Landrover_civ, by Exile_psycho_LRC\config.bin/CfgVehicles/Landrover_Civ_02/
11:25:26 Updating base class ->Landrover_civ, by Exile_psycho_LRC\config.bin/CfgVehicles/LR_Ambulance_Base/
11:25:26 Updating base class ->Octavia_Base, by Exile_psycho_Octavia\config.bin/CfgVehicles/Octavia_Civ_01/
11:25:26 Updating base class ->Car_F, by Exile_psycho_SUV_a3\config.bin/CfgVehicles/SUV_Base/
11:25:26 Updating base class ->Car_F, by exile_psycho_tractor\config.bin/CfgVehicles/Tractor_Base/
11:25:26 Updating base class ->Tractor_Base, by exile_psycho_tractor\config.bin/CfgVehicles/tractorOld/
11:25:26 Updating base class ->UH1H_Closed, by Exile_psycho_UH1H\config.bin/CfgVehicles/UH1H_Clo/
11:25:26 Updating base class ->UH1HL_base, by Exile_psycho_UH1H\config.bin/CfgVehicles/UH1H_M240/
11:25:26 Updating base class ->CUP_B_USPack_Base, by CUP\Weapons\CUP_Weapons_Backpacks\config.bin/CfgVehicles/CUP_B_USPack_Coyote/
11:25:26 Updating base class ->CUP_B_USPack_Base, by CUP\Weapons\CUP_Weapons_Backpacks\config.bin/CfgVehicles/CUP_B_GER_Pack_Tropentarn/
11:25:26 Updating base class ->CUP_B_USPack_Base, by CUP\Weapons\CUP_Weapons_Backpacks\config.bin/CfgVehicles/CUP_B_GER_Pack_Flecktarn/
11:25:26 Updating base class ->CUP_B_CivPack_Base, by CUP\Weapons\CUP_Weapons_Backpacks\config.bin/CfgVehicles/CUP_B_CivPack_WDL/
11:25:26 Updating base class ->CUP_B_RPGPack_Base, by CUP\Weapons\CUP_Weapons_Backpacks\config.bin/CfgVehicles/CUP_B_RPGPack_Khaki/
11:25:26 Updating base class ->CUP_B_AlicePack_Base, by CUP\Weapons\CUP_Weapons_Backpacks\config.bin/CfgVehicles/CUP_B_AlicePack_Khaki/
11:25:26 Updating base class ->CUP_B_AlicePack_Base, by CUP\Weapons\CUP_Weapons_Backpacks\config.bin/CfgVehicles/CUP_B_AlicePack_Bedroll/
11:25:26 Updating base class ->CUP_B_AssaultPack_Base, by CUP\Weapons\CUP_Weapons_Backpacks\config.bin/CfgVehicles/CUP_B_AssaultPack_ACU/
11:25:26 Updating base class ->CUP_B_AssaultPack_Base, by CUP\Weapons\CUP_Weapons_Backpacks\config.bin/CfgVehicles/CUP_B_AssaultPack_Coyote/
11:25:26 Updating base class ->CUP_B_MedicPack_Base, by CUP\Weapons\CUP_Weapons_Backpacks\config.bin/CfgVehicles/CUP_B_MedicPack_ACU/
11:25:26 Updating base class ->CUP_B_HikingPack_Base, by CUP\Weapons\CUP_Weapons_Backpacks\config.bin/CfgVehicles/CUP_B_HikingPack_Civ/
11:25:26 Updating base class ->CUP_B_Bergen_Base, by CUP\Weapons\CUP_Weapons_Backpacks\config.bin/CfgVehicles/CUP_B_Bergen_BAF/
11:25:26 Updating base class ->Bag_Base, by CUP\Weapons\CUP_Weapons_Backpacks\config.bin/CfgVehicles/CUP_B_USMC_AssaultPack/
11:25:26 Updating base class ->Bag_Base, by CUP\Weapons\CUP_Weapons_Backpacks\config.bin/CfgVehicles/CUP_B_USMC_MOLLE/
11:25:26 Updating base class ->Bag_Base, by CUP\Weapons\CUP_Weapons_Backpacks\config.bin/CfgVehicles/CUP_B_USMC_MOLLE_WDL/
11:25:26 Updating base class ->CUP_B_GER_Medic_Desert, by CUP\Weapons\CUP_Weapons_Backpacks\config.bin/CfgVehicles/CUP_B_GER_Medic_Tropentarn/
11:25:26 Updating base class ->CUP_B_GER_Medic_Desert, by CUP\Weapons\CUP_Weapons_Backpacks\config.bin/CfgVehicles/CUP_B_GER_Medic_FLecktarn/
11:25:26 Updating base class ->Bag_Base, by CUP\Weapons\CUP_Weapons_Backpacks\config.bin/CfgVehicles/CUP_B_TK_Medic_Desert/
11:25:26 Updating base class ->Bag_Base, by CUP\Weapons\CUP_Weapons_Backpacks\config.bin/CfgVehicles/CUP_B_SLA_Medicbag/
11:25:26 Updating base class ->Bag_Base, by CUP\Weapons\CUP_Weapons_Backpacks\config.bin/CfgVehicles/CUP_B_RUS_Backpack/
11:25:26 Updating base class ->CUP_Vhmg_PKT_veh, by CUP\Weapons\CUP_Weapons_VehicleWeapons\config.bin/cfgWeapons/CUP_PKT_W/
11:25:26 Updating base class Optics_Commander_02->Optics_Armored, by CUP\WheeledVehicles\CUP_WheeledVehicles_BTR90\config.bin/Optics_Commander_03/
11:25:26 Updating base class Car->LandVehicle, by CUP\WheeledVehicles\CUP_WheeledVehicles_RG31\config.bin/CfgVehicles/car_F/
11:25:26 Updating base class LandVehicle->Car, by CUP\WheeledVehicles\CUP_WheeledVehicles_Ridgeback\config.bin/CfgVehicles/Car_F/
11:25:26 Updating base class ->ProxyRetex, by CUP\WheeledVehicles\CUP_WheeledVehicles_Ridgeback\config.bin/CfgNonAIVehicles/Proxywreck/
11:25:26 Updating base class Car->LandVehicle, by CUP\WheeledVehicles\CUP_WheeledVehicles_Stryker\config.bin/CfgVehicles/car_F/
11:25:26 Updating base class Car->Car_F, by CUP\WheeledVehicles\CUP_WheeledVehicles_Stryker\config.bin/CfgVehicles/Wheeled_APC/
11:25:26 Updating base class LandVehicle->Car, by CUP\WheeledVehicles\CUP_WheeledVehicles_UAZ\config.bin/CfgVehicles/Car_F/
11:25:26 Updating base class ->Ikarus_Civ_Base, by Exile_psycho_Ikarus\config.bin/CfgVehicles/Ikarus_Civ_01/
11:25:26 Updating base class ->Car_F, by Exile_psycho_lada\config.bin/CfgVehicles/Lada_Base/
11:25:26 Updating base class ->Car_F, by Exile_Psycho_towtractor\config.bin/CfgVehicles/TowingTractor/
11:25:26 Updating base class ->Offroad_01_base_F, by Exile_Psycho_UAZ\config.bin/CfgVehicles/UAZ_Base/
11:25:26 Updating base class ->UAZ_Base, by Exile_Psycho_UAZ\config.bin/CfgVehicles/UAZ_Open_Base/
11:25:26 Updating base class ->Ural_Base, by Exile_psycho_Ural\config.bin/CfgVehicles/Ural_RU/
11:25:26 Updating base class ->Ural_Open_Base, by Exile_psycho_Ural\config.bin/CfgVehicles/Ural_Open_RU/
11:25:26 Updating base class ->asdg_SlotInfo, by x\cba\addons\jr\config.bin/asdg_FrontSideRail/
11:25:26 Updating base class ->Turrets, by CUP\AirVehicles\CUP_AirVehicles_MV22\config.bin/CfgVehicles/Plane_Base_F/Turrets/
11:25:26 Updating base class KIA_BMP2_Gunner->KIA_Stryker_Driver, by CUP\TrackedVehicles\CUP_TrackedVehicles_Bulldog\config.bin/CfgMovesMaleSdr/States/KIA_Stryker_Cargo01/
11:25:26 Updating base class Sounds->, by CUP\TrackedVehicles\CUP_TrackedVehicles_T34\config.bin/CfgVehicles/Tank_F/Sounds/
11:25:26 Updating base class ->asdg_OpticSideMount, by CUP\Weapons\CUP_Weapons_East_Attachments\config.bin/CUP_DovetailMount/
11:25:26 Updating base class ->asdg_OpticRail1913_long, by CUP\Weapons\CUP_Weapons_West_Attachments\config.bin/CUP_PicatinnyTopMount/
11:25:26 Updating base class ->asdg_OpticRail1913_short, by CUP\Weapons\CUP_Weapons_West_Attachments\config.bin/CUP_PicatinnyTopShortMount/
11:25:26 Updating base class ->asdg_FrontSideRail, by CUP\Weapons\CUP_Weapons_West_Attachments\config.bin/CUP_PicatinnySideMount/
11:25:26 Updating base class ->asdg_UnderSlot, by CUP\Weapons\CUP_Weapons_West_Attachments\config.bin/CUP_PicatinnyUnderMount/
11:25:26 Updating base class ->Sounds, by CUP\TrackedVehicles\CUP_TrackedVehicles_Bradley\config.bin/CfgVehicles/Tank_F/Sounds/
11:25:27 ragdollHitDmgLimit (0.000000) is lower than minimum (0.010000) and it was set to min.
11:25:27 Initializing Steam Manager
11:25:27 Steam Manager initialized.
11:25:27 
11:25:27 ==== Loaded addons ====
11:25:27 
11:25:27 dta\bin.pbo - unknown
11:25:27 dta\core.pbo - 84186
11:25:27 dta\languagecore_f.pbo - 93952
11:25:27 C:\Servers\Arma 3 Exile Server\@CBA_A3\addons\cba_ai.pbo - 0b33c3c4
11:25:27 C:\Servers\Arma 3 Exile Server\@CBA_A3\addons\cba_arrays.pbo - 0b33c3c4
11:25:27 C:\Servers\Arma 3 Exile Server\@CBA_A3\addons\cba_common.pbo - 0b33c3c4
11:25:27 C:\Servers\Arma 3 Exile Server\@CBA_A3\addons\cba_diagnostic.pbo - 0b33c3c4
11:25:27 C:\Servers\Arma 3 Exile Server\@CBA_A3\addons\cba_events.pbo - 0b33c3c4
11:25:27 C:\Servers\Arma 3 Exile Server\@CBA_A3\addons\cba_hashes.pbo - 0b33c3c4
11:25:27 C:\Servers\Arma 3 Exile Server\@CBA_A3\addons\cba_help.pbo - 0b33c3c4
11:25:27 C:\Servers\Arma 3 Exile Server\@CBA_A3\addons\cba_jr.pbo - 0b33c3c4
11:25:27 C:\Servers\Arma 3 Exile Server\@CBA_A3\addons\cba_jr_prep.pbo - 0b33c3c4
11:25:27 C:\Servers\Arma 3 Exile Server\@CBA_A3\addons\cba_keybinding.pbo - 0b33c3c4
11:25:27 C:\Servers\Arma 3 Exile Server\@CBA_A3\addons\cba_main.pbo - 0b33c3c4
11:25:27 C:\Servers\Arma 3 Exile Server\@CBA_A3\addons\cba_main_a3.pbo - 0b33c3c4
11:25:27 C:\Servers\Arma 3 Exile Server\@CBA_A3\addons\cba_network.pbo - 0b33c3c4
11:25:27 C:\Servers\Arma 3 Exile Server\@CBA_A3\addons\cba_strings.pbo - 0b33c3c4
11:25:27 C:\Servers\Arma 3 Exile Server\@CBA_A3\addons\cba_ui.pbo - 0b33c3c4
11:25:27 C:\Servers\Arma 3 Exile Server\@CBA_A3\addons\cba_ui_helper.pbo - 0b33c3c4
11:25:27 C:\Servers\Arma 3 Exile Server\@CBA_A3\addons\cba_vectors.pbo - 0b33c3c4
11:25:27 C:\Servers\Arma 3 Exile Server\@CBA_A3\addons\cba_versioning.pbo - 0b33c3c4
11:25:27 C:\Servers\Arma 3 Exile Server\@CBA_A3\addons\cba_xeh.pbo - 0b33c3c4
11:25:27 C:\Servers\Arma 3 Exile Server\@TRYK's Multi-Play Unifrom's pack\addons\essgoggles.pbo - unknown
11:25:27 C:\Servers\Arma 3 Exile Server\@TRYK's Multi-Play Unifrom's pack\addons\hrp.pbo - unknown
11:25:27 C:\Servers\Arma 3 Exile Server\@TRYK's Multi-Play Unifrom's pack\addons\kio_balaclava.pbo - unknown
11:25:27 C:\Servers\Arma 3 Exile Server\@TRYK's Multi-Play Unifrom's pack\addons\shemagh.pbo - unknown
11:25:27 C:\Servers\Arma 3 Exile Server\@TRYK's Multi-Play Unifrom's pack\addons\tryk_backpack.pbo - unknown
11:25:27 C:\Servers\Arma 3 Exile Server\@TRYK's Multi-Play Unifrom's pack\addons\tryk_uniforms.pbo - unknown
11:25:27 C:\Servers\Arma 3 Exile Server\@TRYK's Multi-Play Unifrom's pack\addons\tryk_unit.pbo - unknown
11:25:27 C:\Servers\Arma 3 Exile Server\@TRYK's Multi-Play Unifrom's pack\addons\zabb.pbo - unknown
11:25:27 C:\Servers\Arma 3 Exile Server\@TRYK's Multi-Play Unifrom's pack\addons\zabb2.pbo - unknown
11:25:27 C:\Servers\Arma 3 Exile Server\@TRYK's Multi-Play Unifrom's pack\addons\zara.pbo - unknown
11:25:27 C:\Servers\Arma 3 Exile Server\@CUP Vehicles\addons\cup_airvehicles_a10.pbo - unknown
11:25:27 C:\Servers\Arma 3 Exile Server\@CUP Vehicles\addons\cup_airvehicles_ah1z.pbo - unknown
11:25:27 C:\Servers\Arma 3 Exile Server\@CUP Vehicles\addons\cup_airvehicles_ah6.pbo - unknown
11:25:27 C:\Servers\Arma 3 Exile Server\@CUP Vehicles\addons\cup_airvehicles_ah64.pbo - unknown
11:25:27 C:\Servers\Arma 3 Exile Server\@CUP Vehicles\addons\cup_airvehicles_an2.pbo - unknown
11:25:27 C:\Servers\Arma 3 Exile Server\@CUP Vehicles\addons\cup_airvehicles_av8b.pbo - unknown
11:25:27 C:\Servers\Arma 3 Exile Server\@CUP Vehicles\addons\cup_airvehicles_aw159.pbo - unknown
11:25:27 C:\Servers\Arma 3 Exile Server\@CUP Vehicles\addons\cup_airvehicles_c130j.pbo - unknown
11:25:27 C:\Servers\Arma 3 Exile Server\@CUP Vehicles\addons\cup_airvehicles_ch47.pbo - unknown
11:25:27 C:\Servers\Arma 3 Exile Server\@CUP Vehicles\addons\cup_airvehicles_ch53e.pbo - unknown
11:25:27 C:\Servers\Arma 3 Exile Server\@CUP Vehicles\addons\cup_airvehicles_core.pbo - unknown
11:25:27 C:\Servers\Arma 3 Exile Server\@CUP Vehicles\addons\cup_airvehicles_dc3.pbo - unknown
11:25:27 C:\Servers\Arma 3 Exile Server\@CUP Vehicles\addons\cup_airvehicles_f35.pbo - unknown
11:25:27 C:\Servers\Arma 3 Exile Server\@CUP Vehicles\addons\cup_airvehicles_hc3.pbo - unknown
11:25:27 C:\Servers\Arma 3 Exile Server\@CUP Vehicles\addons\cup_airvehicles_ka50.pbo - unknown
11:25:27 C:\Servers\Arma 3 Exile Server\@CUP Vehicles\addons\cup_airvehicles_ka52.pbo - unknown
11:25:27 C:\Servers\Arma 3 Exile Server\@CUP Vehicles\addons\cup_airvehicles_ka60.pbo - unknown
11:25:27 C:\Servers\Arma 3 Exile Server\@CUP Vehicles\addons\cup_airvehicles_mh60s.pbo - unknown
11:25:27 C:\Servers\Arma 3 Exile Server\@CUP Vehicles\addons\cup_airvehicles_mi24.pbo - unknown
11:25:27 C:\Servers\Arma 3 Exile Server\@CUP Vehicles\addons\cup_airvehicles_mi35.pbo - unknown
11:25:27 C:\Servers\Arma 3 Exile Server\@CUP Vehicles\addons\cup_airvehicles_mi6.pbo - unknown
11:25:27 C:\Servers\Arma 3 Exile Server\@CUP Vehicles\addons\cup_airvehicles_mi8.pbo - unknown
11:25:27 C:\Servers\Arma 3 Exile Server\@CUP Vehicles\addons\cup_airvehicles_mq9.pbo - unknown
11:25:27 C:\Servers\Arma 3 Exile Server\@CUP Vehicles\addons\cup_airvehicles_mv22.pbo - unknown
11:25:27 C:\Servers\Arma 3 Exile Server\@CUP Vehicles\addons\cup_airvehicles_sa330.pbo - unknown
11:25:27 C:\Servers\Arma 3 Exile Server\@CUP Vehicles\addons\cup_airvehicles_staticline.pbo - unknown
11:25:27 C:\Servers\Arma 3 Exile Server\@CUP Vehicles\addons\cup_airvehicles_su25.pbo - unknown
11:25:27 C:\Servers\Arma 3 Exile Server\@CUP Vehicles\addons\cup_airvehicles_su34.pbo - unknown
11:25:27 C:\Servers\Arma 3 Exile Server\@CUP Vehicles\addons\cup_airvehicles_uh1h.pbo - unknown
11:25:27 C:\Servers\Arma 3 Exile Server\@CUP Vehicles\addons\cup_airvehicles_uh1y.pbo - unknown
11:25:27 C:\Servers\Arma 3 Exile Server\@CUP Vehicles\addons\cup_airvehicles_uh60.pbo - unknown
11:25:27 C:\Servers\Arma 3 Exile Server\@CUP Vehicles\addons\cup_trackedvehicles_2s6m.pbo - unknown
11:25:27 C:\Servers\Arma 3 Exile Server\@CUP Vehicles\addons\cup_trackedvehicles_aav.pbo - unknown
11:25:27 C:\Servers\Arma 3 Exile Server\@CUP Vehicles\addons\cup_trackedvehicles_bmp.pbo - unknown
11:25:27 C:\Servers\Arma 3 Exile Server\@CUP Vehicles\addons\cup_trackedvehicles_bmp3.pbo - unknown
11:25:27 C:\Servers\Arma 3 Exile Server\@CUP Vehicles\addons\cup_trackedvehicles_bradley.pbo - unknown
11:25:27 C:\Servers\Arma 3 Exile Server\@CUP Vehicles\addons\cup_trackedvehicles_bulldog.pbo - unknown
11:25:27 C:\Servers\Arma 3 Exile Server\@CUP Vehicles\addons\cup_trackedvehicles_core.pbo - unknown
11:25:27 C:\Servers\Arma 3 Exile Server\@CUP Vehicles\addons\cup_trackedvehicles_fv510.pbo - unknown
11:25:27 C:\Servers\Arma 3 Exile Server\@CUP Vehicles\addons\cup_trackedvehicles_m113.pbo - unknown
11:25:27 C:\Servers\Arma 3 Exile Server\@CUP Vehicles\addons\cup_trackedvehicles_m1_abrams.pbo - unknown
11:25:27 C:\Servers\Arma 3 Exile Server\@CUP Vehicles\addons\cup_trackedvehicles_m270.pbo - unknown
11:25:27 C:\Servers\Arma 3 Exile Server\@CUP Vehicles\addons\cup_trackedvehicles_mcv80.pbo - unknown
11:25:27 C:\Servers\Arma 3 Exile Server\@CUP Vehicles\addons\cup_trackedvehicles_sounds.pbo - unknown
11:25:27 C:\Servers\Arma 3 Exile Server\@CUP Vehicles\addons\cup_trackedvehicles_t34.pbo - unknown
11:25:27 C:\Servers\Arma 3 Exile Server\@CUP Vehicles\addons\cup_trackedvehicles_t55.pbo - unknown
11:25:27 C:\Servers\Arma 3 Exile Server\@CUP Vehicles\addons\cup_trackedvehicles_t72.pbo - unknown
11:25:27 C:\Servers\Arma 3 Exile Server\@CUP Vehicles\addons\cup_trackedvehicles_zsu23.pbo - unknown
11:25:27 C:\Servers\Arma 3 Exile Server\@CUP Vehicles\addons\cup_vehicles_cfggroups.pbo - unknown
11:25:27 C:\Servers\Arma 3 Exile Server\@CUP Vehicles\addons\cup_vehicles_fastrope.pbo - unknown
11:25:27 C:\Servers\Arma 3 Exile Server\@CUP Vehicles\addons\cup_watervehicles_core.pbo - unknown
11:25:27 C:\Servers\Arma 3 Exile Server\@CUP Vehicles\addons\cup_watervehicles_fishing_boat.pbo - unknown
11:25:27 C:\Servers\Arma 3 Exile Server\@CUP Vehicles\addons\cup_watervehicles_fregata.pbo - unknown
11:25:27 C:\Servers\Arma 3 Exile Server\@CUP Vehicles\addons\cup_watervehicles_lhd.pbo - unknown
11:25:27 C:\Servers\Arma 3 Exile Server\@CUP Vehicles\addons\cup_watervehicles_pbx.pbo - unknown
11:25:27 C:\Servers\Arma 3 Exile Server\@CUP Vehicles\addons\cup_watervehicles_rhib.pbo - unknown
11:25:27 C:\Servers\Arma 3 Exile Server\@CUP Vehicles\addons\cup_watervehicles_seafox.pbo - 1
11:25:27 C:\Servers\Arma 3 Exile Server\@CUP Vehicles\addons\cup_watervehicles_weapons.pbo - unknown
11:25:27 C:\Servers\Arma 3 Exile Server\@CUP Vehicles\addons\cup_watervehicles_zodiac.pbo - unknown
11:25:27 C:\Servers\Arma 3 Exile Server\@CUP Vehicles\addons\cup_wheeledvehicles_brdm2.pbo - unknown
11:25:27 C:\Servers\Arma 3 Exile Server\@CUP Vehicles\addons\cup_wheeledvehicles_btr40.pbo - unknown
11:25:27 C:\Servers\Arma 3 Exile Server\@CUP Vehicles\addons\cup_wheeledvehicles_btr60.pbo - unknown
11:25:27 C:\Servers\Arma 3 Exile Server\@CUP Vehicles\addons\cup_wheeledvehicles_btr90.pbo - unknown
11:25:27 C:\Servers\Arma 3 Exile Server\@CUP Vehicles\addons\cup_wheeledvehicles_core.pbo - unknown
11:25:27 C:\Servers\Arma 3 Exile Server\@CUP Vehicles\addons\cup_wheeledvehicles_coyote.pbo - unknown
11:25:27 C:\Servers\Arma 3 Exile Server\@CUP Vehicles\addons\cup_wheeledvehicles_datsun.pbo - unknown
11:25:27 C:\Servers\Arma 3 Exile Server\@CUP Vehicles\addons\cup_wheeledvehicles_dingo.pbo - unknown
11:25:27 C:\Servers\Arma 3 Exile Server\@CUP Vehicles\addons\cup_wheeledvehicles_hmmwv.pbo - unknown
11:25:27 C:\Servers\Arma 3 Exile Server\@CUP Vehicles\addons\cup_wheeledvehicles_jackal.pbo - unknown
11:25:27 C:\Servers\Arma 3 Exile Server\@CUP Vehicles\addons\cup_wheeledvehicles_lav25.pbo - unknown
11:25:27 C:\Servers\Arma 3 Exile Server\@CUP Vehicles\addons\cup_wheeledvehicles_lr.pbo - unknown
11:25:27 C:\Servers\Arma 3 Exile Server\@CUP Vehicles\addons\cup_wheeledvehicles_m1030.pbo - unknown
11:25:27 C:\Servers\Arma 3 Exile Server\@CUP Vehicles\addons\cup_wheeledvehicles_mastiff.pbo - unknown
11:25:27 C:\Servers\Arma 3 Exile Server\@CUP Vehicles\addons\cup_wheeledvehicles_octavia.pbo - unknown
11:25:27 C:\Servers\Arma 3 Exile Server\@CUP Vehicles\addons\cup_wheeledvehicles_rg31.pbo - unknown
11:25:27 C:\Servers\Arma 3 Exile Server\@CUP Vehicles\addons\cup_wheeledvehicles_ridgeback.pbo - unknown
11:25:27 C:\Servers\Arma 3 Exile Server\@CUP Vehicles\addons\cup_wheeledvehicles_skoda.pbo - unknown
11:25:27 C:\Servers\Arma 3 Exile Server\@CUP Vehicles\addons\cup_wheeledvehicles_stryker.pbo - unknown
11:25:27 C:\Servers\Arma 3 Exile Server\@CUP Vehicles\addons\cup_wheeledvehicles_suv.pbo - unknown
11:25:27 C:\Servers\Arma 3 Exile Server\@CUP Vehicles\addons\cup_wheeledvehicles_towingtractor.pbo - unknown
11:25:27 C:\Servers\Arma 3 Exile Server\@CUP Vehicles\addons\cup_wheeledvehicles_uaz.pbo - unknown
11:25:27 C:\Servers\Arma 3 Exile Server\@CUP Vehicles\addons\cup_wheeledvehicles_ural.pbo - unknown
11:25:27 C:\Servers\Arma 3 Exile Server\@CUP Vehicles\addons\cup_wheeledvehicles_vodnik.pbo - unknown
11:25:27 C:\Servers\Arma 3 Exile Server\@CUP Vehicles\addons\cup_wheeledvehicles_vwgolf.pbo - unknown
11:25:27 C:\Servers\Arma 3 Exile Server\@CUP Units\addons\cup_creatures_people_civil_chernarus.pbo - unknown
11:25:27 C:\Servers\Arma 3 Exile Server\@CUP Units\addons\cup_creatures_people_core.pbo - unknown
11:25:27 C:\Servers\Arma 3 Exile Server\@CUP Units\addons\cup_creatures_people_military_acr.pbo - unknown
11:25:27 C:\Servers\Arma 3 Exile Server\@CUP Units\addons\cup_creatures_people_military_baf.pbo - unknown
11:25:27 C:\Servers\Arma 3 Exile Server\@CUP Units\addons\cup_creatures_people_military_chedaki.pbo - unknown
11:25:27 C:\Servers\Arma 3 Exile Server\@CUP Units\addons\cup_creatures_people_military_dummyinfantryset.pbo - unknown
11:25:27 C:\Servers\Arma 3 Exile Server\@CUP Units\addons\cup_creatures_people_military_germany.pbo - unknown
11:25:27 C:\Servers\Arma 3 Exile Server\@CUP Units\addons\cup_creatures_people_military_napa.pbo - unknown
11:25:27 C:\Servers\Arma 3 Exile Server\@CUP Units\addons\cup_creatures_people_military_pmc.pbo - unknown
11:25:27 C:\Servers\Arma 3 Exile Server\@CUP Units\addons\cup_creatures_people_military_racs.pbo - unknown
11:25:27 C:\Servers\Arma 3 Exile Server\@CUP Units\addons\cup_creatures_people_military_russia.pbo - unknown
11:25:27 C:\Servers\Arma 3 Exile Server\@CUP Units\addons\cup_creatures_people_military_sla.pbo - unknown
11:25:27 C:\Servers\Arma 3 Exile Server\@CUP Units\addons\cup_creatures_people_military_taki.pbo - unknown
11:25:27 C:\Servers\Arma 3 Exile Server\@CUP Units\addons\cup_creatures_people_military_takiinsurgents.pbo - unknown
11:25:27 C:\Servers\Arma 3 Exile Server\@CUP Units\addons\cup_creatures_people_military_usarmy.pbo - unknown
11:25:27 C:\Servers\Arma 3 Exile Server\@CUP Units\addons\cup_creatures_people_military_usmc.pbo - unknown
11:25:27 C:\Servers\Arma 3 Exile Server\@CUP Units\addons\cup_dubbing_radio_cz.pbo - unknown
11:25:27 C:\Servers\Arma 3 Exile Server\@CUP Units\addons\cup_dubbing_radio_cz_acr.pbo - unknown
11:25:27 C:\Servers\Arma 3 Exile Server\@CUP Units\addons\cup_dubbing_radio_cz_acr_c.pbo - unknown
11:25:27 C:\Servers\Arma 3 Exile Server\@CUP Units\addons\cup_dubbing_radio_cz_c.pbo - unknown
11:25:27 C:\Servers\Arma 3 Exile Server\@CUP Units\addons\cup_dubbing_radio_en.pbo - unknown
11:25:27 C:\Servers\Arma 3 Exile Server\@CUP Units\addons\cup_dubbing_radio_en_c.pbo - unknown
11:25:27 C:\Servers\Arma 3 Exile Server\@CUP Units\addons\cup_dubbing_radio_gb_baf.pbo - unknown
11:25:27 C:\Servers\Arma 3 Exile Server\@CUP Units\addons\cup_dubbing_radio_gb_baf_c.pbo - unknown
11:25:27 C:\Servers\Arma 3 Exile Server\@CUP Units\addons\cup_dubbing_radio_gb_pmc.pbo - unknown
11:25:27 C:\Servers\Arma 3 Exile Server\@CUP Units\addons\cup_dubbing_radio_gb_pmc_c.pbo - unknown
11:25:27 C:\Servers\Arma 3 Exile Server\@CUP Units\addons\cup_dubbing_radio_ru.pbo - unknown
11:25:27 C:\Servers\Arma 3 Exile Server\@CUP Units\addons\cup_dubbing_radio_ru_c.pbo - unknown
11:25:27 C:\Servers\Arma 3 Exile Server\@CUP Units\addons\cup_dubbing_radio_tk.pbo - unknown
11:25:27 C:\Servers\Arma 3 Exile Server\@CUP Units\addons\cup_dubbing_radio_tk_c.pbo - unknown
11:25:27 C:\Servers\Arma 3 Exile Server\@CUP Weapons\addons\cup_baseconfigs.pbo - unknown
11:25:27 C:\Servers\Arma 3 Exile Server\@CUP Weapons\addons\cup_basedata.pbo - unknown
11:25:27 C:\Servers\Arma 3 Exile Server\@CUP Weapons\addons\cup_weapons_aa12.pbo - unknown
11:25:27 C:\Servers\Arma 3 Exile Server\@CUP Weapons\addons\cup_weapons_ak.pbo - unknown
11:25:27 C:\Servers\Arma 3 Exile Server\@CUP Weapons\addons\cup_weapons_ammoboxes.pbo - unknown
11:25:27 C:\Servers\Arma 3 Exile Server\@CUP Weapons\addons\cup_weapons_ammunition.pbo - unknown
11:25:27 C:\Servers\Arma 3 Exile Server\@CUP Weapons\addons\cup_weapons_as50.pbo - unknown
11:25:27 C:\Servers\Arma 3 Exile Server\@CUP Weapons\addons\cup_weapons_awm.pbo - unknown
11:25:27 C:\Servers\Arma 3 Exile Server\@CUP Weapons\addons\cup_weapons_backpacks.pbo - unknown
11:25:27 C:\Servers\Arma 3 Exile Server\@CUP Weapons\addons\cup_weapons_bizon.pbo - unknown
11:25:27 C:\Servers\Arma 3 Exile Server\@CUP Weapons\addons\cup_weapons_c7.pbo - unknown
11:25:27 C:\Servers\Arma 3 Exile Server\@CUP Weapons\addons\cup_weapons_colt1911.pbo - unknown
11:25:27 C:\Servers\Arma 3 Exile Server\@CUP Weapons\addons\cup_weapons_compact.pbo - unknown
11:25:27 C:\Servers\Arma 3 Exile Server\@CUP Weapons\addons\cup_weapons_compatibility.pbo - unknown
11:25:27 C:\Servers\Arma 3 Exile Server\@CUP Weapons\addons\cup_weapons_curator.pbo - unknown
11:25:27 C:\Servers\Arma 3 Exile Server\@CUP Weapons\addons\cup_weapons_cz750.pbo - unknown
11:25:27 C:\Servers\Arma 3 Exile Server\@CUP Weapons\addons\cup_weapons_cz805.pbo - unknown
11:25:27 C:\Servers\Arma 3 Exile Server\@CUP Weapons\addons\cup_weapons_duty.pbo - unknown
11:25:27 C:\Servers\Arma 3 Exile Server\@CUP Weapons\addons\cup_weapons_east_attachments.pbo - unknown
11:25:27 C:\Servers\Arma 3 Exile Server\@CUP Weapons\addons\cup_weapons_evo.pbo - unknown
11:25:27 C:\Servers\Arma 3 Exile Server\@CUP Weapons\addons\cup_weapons_fnfal.pbo - unknown
11:25:27 C:\Servers\Arma 3 Exile Server\@CUP Weapons\addons\cup_weapons_g36.pbo - unknown
11:25:27 C:\Servers\Arma 3 Exile Server\@CUP Weapons\addons\cup_weapons_glock17.pbo - unknown
11:25:27 C:\Servers\Arma 3 Exile Server\@CUP Weapons\addons\cup_weapons_grenadelaunchers.pbo - unknown
11:25:27 C:\Servers\Arma 3 Exile Server\@CUP Weapons\addons\cup_weapons_grenades.pbo - unknown
11:25:27 C:\Servers\Arma 3 Exile Server\@CUP Weapons\addons\cup_weapons_huntingrifle.pbo - unknown
11:25:27 C:\Servers\Arma 3 Exile Server\@CUP Weapons\addons\cup_weapons_igla.pbo - unknown
11:25:27 C:\Servers\Arma 3 Exile Server\@CUP Weapons\addons\cup_weapons_items.pbo - unknown
11:25:27 C:\Servers\Arma 3 Exile Server\@CUP Weapons\addons\cup_weapons_javelin.pbo - unknown
11:25:27 C:\Servers\Arma 3 Exile Server\@CUP Weapons\addons\cup_weapons_ksvk.pbo - unknown
11:25:27 C:\Servers\Arma 3 Exile Server\@CUP Weapons\addons\cup_weapons_l110.pbo - unknown
11:25:27 C:\Servers\Arma 3 Exile Server\@CUP Weapons\addons\cup_weapons_l129.pbo - unknown
11:25:27 C:\Servers\Arma 3 Exile Server\@CUP Weapons\addons\cup_weapons_l7a2.pbo - unknown
11:25:27 C:\Servers\Arma 3 Exile Server\@CUP Weapons\addons\cup_weapons_l85.pbo - unknown
11:25:27 C:\Servers\Arma 3 Exile Server\@CUP Weapons\addons\cup_weapons_leeenfield.pbo - unknown
11:25:27 C:\Servers\Arma 3 Exile Server\@CUP Weapons\addons\cup_weapons_m1014.pbo - unknown
11:25:27 C:\Servers\Arma 3 Exile Server\@CUP Weapons\addons\cup_weapons_m107.pbo - unknown
11:25:27 C:\Servers\Arma 3 Exile Server\@CUP Weapons\addons\cup_weapons_m110.pbo - unknown
11:25:27 C:\Servers\Arma 3 Exile Server\@CUP Weapons\addons\cup_weapons_m136.pbo - unknown
11:25:27 C:\Servers\Arma 3 Exile Server\@CUP Weapons\addons\cup_weapons_m14.pbo - unknown
11:25:27 C:\Servers\Arma 3 Exile Server\@CUP Weapons\addons\cup_weapons_m14_dmr.pbo - unknown
11:25:27 C:\Servers\Arma 3 Exile Server\@CUP Weapons\addons\cup_weapons_m16.pbo - unknown
11:25:27 C:\Servers\Arma 3 Exile Server\@CUP Weapons\addons\cup_weapons_m24.pbo - unknown
11:25:27 C:\Servers\Arma 3 Exile Server\@CUP Weapons\addons\cup_weapons_m240.pbo - unknown
11:25:27 C:\Servers\Arma 3 Exile Server\@CUP Weapons\addons\cup_weapons_m249.pbo - unknown
11:25:27 C:\Servers\Arma 3 Exile Server\@CUP Weapons\addons\cup_weapons_m47.pbo - unknown
11:25:27 C:\Servers\Arma 3 Exile Server\@CUP Weapons\addons\cup_weapons_m60e4.pbo - unknown
11:25:27 C:\Servers\Arma 3 Exile Server\@CUP Weapons\addons\cup_weapons_m9.pbo - unknown
11:25:27 C:\Servers\Arma 3 Exile Server\@CUP Weapons\addons\cup_weapons_maaws.pbo - unknown
11:25:27 C:\Servers\Arma 3 Exile Server\@CUP Weapons\addons\cup_weapons_makarov.pbo - unknown
11:25:27 C:\Servers\Arma 3 Exile Server\@CUP Weapons\addons\cup_weapons_metis_at_13.pbo - unknown
11:25:27 C:\Servers\Arma 3 Exile Server\@CUP Weapons\addons\cup_weapons_microuzi.pbo - unknown
11:25:27 C:\Servers\Arma 3 Exile Server\@CUP Weapons\addons\cup_weapons_mk48.pbo - unknown
11:25:27 C:\Servers\Arma 3 Exile Server\@CUP Weapons\addons\cup_weapons_mp5.pbo - unknown
11:25:27 C:\Servers\Arma 3 Exile Server\@CUP Weapons\addons\cup_weapons_nlaw.pbo - unknown
11:25:27 C:\Servers\Arma 3 Exile Server\@CUP Weapons\addons\cup_weapons_nvg.pbo - unknown
11:25:27 C:\Servers\Arma 3 Exile Server\@CUP Weapons\addons\cup_weapons_pb_6p9.pbo - unknown
11:25:27 C:\Servers\Arma 3 Exile Server\@CUP Weapons\addons\cup_weapons_phantom.pbo - unknown
11:25:27 C:\Servers\Arma 3 Exile Server\@CUP Weapons\addons\cup_weapons_pk.pbo - unknown
11:25:27 C:\Servers\Arma 3 Exile Server\@CUP Weapons\addons\cup_weapons_pods.pbo - unknown
11:25:27 C:\Servers\Arma 3 Exile Server\@CUP Weapons\addons\cup_weapons_put.pbo - unknown
11:25:27 C:\Servers\Arma 3 Exile Server\@CUP Weapons\addons\cup_weapons_revolver.pbo - unknown
11:25:27 C:\Servers\Arma 3 Exile Server\@CUP Weapons\addons\cup_weapons_rpg18.pbo - unknown
11:25:27 C:\Servers\Arma 3 Exile Server\@CUP Weapons\addons\cup_weapons_rpg7.pbo - unknown
11:25:27 C:\Servers\Arma 3 Exile Server\@CUP Weapons\addons\cup_weapons_sa58.pbo - unknown
11:25:27 C:\Servers\Arma 3 Exile Server\@CUP Weapons\addons\cup_weapons_sa61.pbo - unknown
11:25:27 C:\Servers\Arma 3 Exile Server\@CUP Weapons\addons\cup_weapons_saiga12k.pbo - unknown
11:25:27 C:\Servers\Arma 3 Exile Server\@CUP Weapons\addons\cup_weapons_scar.pbo - unknown
11:25:27 C:\Servers\Arma 3 Exile Server\@CUP Weapons\addons\cup_weapons_shield.pbo - unknown
11:25:27 C:\Servers\Arma 3 Exile Server\@CUP Weapons\addons\cup_weapons_smaw.pbo - unknown
11:25:27 C:\Servers\Arma 3 Exile Server\@CUP Weapons\addons\cup_weapons_staticweapons.pbo - unknown
11:25:27 C:\Servers\Arma 3 Exile Server\@CUP Weapons\addons\cup_weapons_stinger.pbo - unknown
11:25:27 C:\Servers\Arma 3 Exile Server\@CUP Weapons\addons\cup_weapons_strela_2.pbo - unknown
11:25:27 C:\Servers\Arma 3 Exile Server\@CUP Weapons\addons\cup_weapons_svd.pbo - unknown
11:25:27 C:\Servers\Arma 3 Exile Server\@CUP Weapons\addons\cup_weapons_uk59.pbo - unknown
11:25:27 C:\Servers\Arma 3 Exile Server\@CUP Weapons\addons\cup_weapons_vehicleweapons.pbo - unknown
11:25:27 C:\Servers\Arma 3 Exile Server\@CUP Weapons\addons\cup_weapons_vss.pbo - unknown
11:25:27 C:\Servers\Arma 3 Exile Server\@CUP Weapons\addons\cup_weapons_weaponscore.pbo - unknown
11:25:27 C:\Servers\Arma 3 Exile Server\@CUP Weapons\addons\cup_weapons_weaponsdata.pbo - unknown
11:25:27 C:\Servers\Arma 3 Exile Server\@CUP Weapons\addons\cup_weapons_west_attachments.pbo - unknown
11:25:27 C:\Servers\Arma 3 Exile Server\@CUP Weapons\addons\cup_weapons_xm8.pbo - unknown
11:25:27 C:\Servers\Arma 3 Exile Server\@Zombies and Demons\addons\ryanzombies.pbo - unknown
11:25:27 C:\Servers\Arma 3 Exile Server\@Esseker\addons\cst_industrial.pbo - unknown
11:25:27 C:\Servers\Arma 3 Exile Server\@Esseker\addons\cst_infrastructure.pbo - unknown
11:25:27 C:\Servers\Arma 3 Exile Server\@Esseker\addons\cst_misc.pbo - unknown
11:25:27 C:\Servers\Arma 3 Exile Server\@Esseker\addons\cst_residential.pbo - unknown
11:25:27 C:\Servers\Arma 3 Exile Server\@Esseker\addons\cst_veg.pbo - unknown
11:25:27 C:\Servers\Arma 3 Exile Server\@Esseker\addons\esseker.pbo - unknown
11:25:27 C:\Servers\Arma 3 Exile Server\@Esseker\addons\es_buildings.pbo - unknown
11:25:27 C:\Servers\Arma 3 Exile Server\@Esseker\addons\sar_obelisk.pbo - unknown
11:25:27 C:\Servers\Arma 3 Exile Server\@Esseker\addons\sar_ru_architect.pbo - unknown
11:25:27 C:\Servers\Arma 3 Exile Server\@Esseker\addons\sar_struktures.pbo - unknown
11:25:27 C:\Servers\Arma 3 Exile Server\mark\addons\anims_f_mark.pbo - 87643
11:25:27 C:\Servers\Arma 3 Exile Server\mark\addons\characters_f_mark.pbo - 92219
11:25:27 C:\Servers\Arma 3 Exile Server\mark\addons\data_f_mark.pbo - 91796
11:25:27 C:\Servers\Arma 3 Exile Server\mark\addons\dubbing_f_mark.pbo - 81923
11:25:27 C:\Servers\Arma 3 Exile Server\mark\addons\dubbing_f_mp_mark.pbo - 81923
11:25:27 C:\Servers\Arma 3 Exile Server\mark\addons\functions_f_mark.pbo - 92129
11:25:27 C:\Servers\Arma 3 Exile Server\mark\addons\functions_f_mp_mark.pbo - 92347
11:25:27 C:\Servers\Arma 3 Exile Server\mark\addons\languagemissions_f_mark.pbo - 93293
11:25:27 C:\Servers\Arma 3 Exile Server\mark\addons\languagemissions_f_mp_mark.pbo - 93293
11:25:27 C:\Servers\Arma 3 Exile Server\mark\addons\language_f_mark.pbo - 93293
11:25:27 C:\Servers\Arma 3 Exile Server\mark\addons\language_f_mp_mark.pbo - 93293
11:25:27 C:\Servers\Arma 3 Exile Server\mark\addons\missions_f_mark.pbo - 92020
11:25:27 C:\Servers\Arma 3 Exile Server\mark\addons\missions_f_mark_data.pbo - 88838
11:25:27 C:\Servers\Arma 3 Exile Server\mark\addons\missions_f_mark_video.pbo - 81429
11:25:27 C:\Servers\Arma 3 Exile Server\mark\addons\missions_f_mp_mark.pbo - 91962
11:25:27 C:\Servers\Arma 3 Exile Server\mark\addons\missions_f_mp_mark_data.pbo - 90131
11:25:27 C:\Servers\Arma 3 Exile Server\mark\addons\modules_f_mark.pbo - 91796
11:25:27 C:\Servers\Arma 3 Exile Server\mark\addons\modules_f_mp_mark.pbo - 92210
11:25:27 C:\Servers\Arma 3 Exile Server\mark\addons\music_f_mark.pbo - 81958
11:25:27 C:\Servers\Arma 3 Exile Server\mark\addons\music_f_mark_music.pbo - 81930
11:25:27 C:\Servers\Arma 3 Exile Server\mark\addons\sounds_f_mark.pbo - 93397
11:25:27 C:\Servers\Arma 3 Exile Server\mark\addons\static_f_mark.pbo - 92219
11:25:27 C:\Servers\Arma 3 Exile Server\mark\addons\structures_f_mark.pbo - 92417
11:25:27 C:\Servers\Arma 3 Exile Server\mark\addons\supplies_f_mark.pbo - 91796
11:25:27 C:\Servers\Arma 3 Exile Server\mark\addons\ui_f_mark.pbo - 84397
11:25:27 C:\Servers\Arma 3 Exile Server\mark\addons\ui_f_mp_mark.pbo - 92052
11:25:27 C:\Servers\Arma 3 Exile Server\mark\addons\weapons_f_mark.pbo - 92549
11:25:27 C:\Servers\Arma 3 Exile Server\kart\addons\anims_f_kart.pbo - 80475
11:25:27 C:\Servers\Arma 3 Exile Server\kart\addons\characters_f_kart.pbo - 92295
11:25:27 C:\Servers\Arma 3 Exile Server\kart\addons\data_f_kart.pbo - 91796
11:25:27 C:\Servers\Arma 3 Exile Server\kart\addons\languagemissions_f_kart.pbo - 93242
11:25:27 C:\Servers\Arma 3 Exile Server\kart\addons\language_f_kart.pbo - 93293
11:25:27 C:\Servers\Arma 3 Exile Server\kart\addons\missions_f_kart.pbo - 89758
11:25:27 C:\Servers\Arma 3 Exile Server\kart\addons\missions_f_kart_data.pbo - 75687
11:25:27 C:\Servers\Arma 3 Exile Server\kart\addons\modules_f_kart.pbo - 92406
11:25:27 C:\Servers\Arma 3 Exile Server\kart\addons\modules_f_kart_data.pbo - 91796
11:25:27 C:\Servers\Arma 3 Exile Server\kart\addons\soft_f_kart.pbo - 92219
11:25:27 C:\Servers\Arma 3 Exile Server\kart\addons\sounds_f_kart.pbo - 79398
11:25:27 C:\Servers\Arma 3 Exile Server\kart\addons\structures_f_kart.pbo - 92417
11:25:27 C:\Servers\Arma 3 Exile Server\kart\addons\ui_f_kart.pbo - 73106
11:25:27 C:\Servers\Arma 3 Exile Server\kart\addons\weapons_f_kart.pbo - 92332
11:25:27 C:\Servers\Arma 3 Exile Server\heli\addons\air_f_heli.pbo - 93382
11:25:27 C:\Servers\Arma 3 Exile Server\heli\addons\anims_f_heli.pbo - 92014
11:25:27 C:\Servers\Arma 3 Exile Server\heli\addons\boat_f_heli.pbo - 91796
11:25:27 C:\Servers\Arma 3 Exile Server\heli\addons\cargoposes_f_heli.pbo - 91484
11:25:27 C:\Servers\Arma 3 Exile Server\heli\addons\data_f_heli.pbo - 91796
11:25:27 C:\Servers\Arma 3 Exile Server\heli\addons\dubbing_f_heli.pbo - 75138
11:25:27 C:\Servers\Arma 3 Exile Server\heli\addons\functions_f_heli.pbo - 91673
11:25:27 C:\Servers\Arma 3 Exile Server\heli\addons\languagemissions_f_heli.pbo - 93293
11:25:27 C:\Servers\Arma 3 Exile Server\heli\addons\language_f_heli.pbo - 93293
11:25:27 C:\Servers\Arma 3 Exile Server\heli\addons\missions_f_heli.pbo - 91795
11:25:27 C:\Servers\Arma 3 Exile Server\heli\addons\missions_f_heli_data.pbo - 75977
11:25:27 C:\Servers\Arma 3 Exile Server\heli\addons\missions_f_heli_video.pbo - 75065
11:25:27 C:\Servers\Arma 3 Exile Server\heli\addons\modules_f_heli.pbo - 91795
11:25:27 C:\Servers\Arma 3 Exile Server\heli\addons\music_f_heli.pbo - 87643
11:25:27 C:\Servers\Arma 3 Exile Server\heli\addons\music_f_heli_music.pbo - 87643
11:25:27 C:\Servers\Arma 3 Exile Server\heli\addons\soft_f_heli.pbo - 91798
11:25:27 C:\Servers\Arma 3 Exile Server\heli\addons\sounds_f_heli.pbo - 79398
11:25:27 C:\Servers\Arma 3 Exile Server\heli\addons\structures_f_heli.pbo - 92499
11:25:27 C:\Servers\Arma 3 Exile Server\heli\addons\supplies_f_heli.pbo - 92499
11:25:27 C:\Servers\Arma 3 Exile Server\heli\addons\ui_f_heli.pbo - 76986
11:25:27 C:\Servers\Arma 3 Exile Server\@ExileServer\addons\exile_server.pbo - unknown
11:25:27 C:\Servers\Arma 3 Exile Server\@ExileServer\addons\exile_server_.old.config.pbo - unknown
11:25:27 C:\Servers\Arma 3 Exile Server\@ExileServer\addons\exile_server_config.pbo - unknown
11:25:27 C:\Servers\Arma 3 Exile Server\@Exile\addons\dbo_old_bike.pbo - unknown
11:25:27 C:\Servers\Arma 3 Exile Server\@Exile\addons\exile_assets.pbo - unknown
11:25:27 C:\Servers\Arma 3 Exile Server\@Exile\addons\exile_client.pbo - unknown
11:25:27 C:\Servers\Arma 3 Exile Server\@Exile\addons\exile_psycho_gaz_volha.pbo - unknown
11:25:27 C:\Servers\Arma 3 Exile Server\@Exile\addons\exile_psycho_ikarus.pbo - unknown
11:25:27 C:\Servers\Arma 3 Exile Server\@Exile\addons\exile_psycho_lada.pbo - unknown
11:25:27 C:\Servers\Arma 3 Exile Server\@Exile\addons\exile_psycho_lrc.pbo - unknown
11:25:27 C:\Servers\Arma 3 Exile Server\@Exile\addons\exile_psycho_octavia.pbo - unknown
11:25:27 C:\Servers\Arma 3 Exile Server\@Exile\addons\exile_psycho_suv_a3.pbo - unknown
11:25:27 C:\Servers\Arma 3 Exile Server\@Exile\addons\exile_psycho_towtractor.pbo - unknown
11:25:27 C:\Servers\Arma 3 Exile Server\@Exile\addons\exile_psycho_tractor.pbo - unknown
11:25:27 C:\Servers\Arma 3 Exile Server\@Exile\addons\exile_psycho_uaz.pbo - unknown
11:25:27 C:\Servers\Arma 3 Exile Server\@Exile\addons\exile_psycho_uh1h.pbo - unknown
11:25:27 C:\Servers\Arma 3 Exile Server\@Exile\addons\exile_psycho_ural.pbo - unknown
11:25:27 C:\Servers\Arma 3 Exile Server\@Exile\addons\gnt_c185.pbo - unknown
11:25:27 C:\Servers\Arma 3 Exile Server\curator\addons\data_f_curator.pbo - 92825
11:25:27 C:\Servers\Arma 3 Exile Server\curator\addons\functions_f_curator.pbo - 92869
11:25:27 C:\Servers\Arma 3 Exile Server\curator\addons\language_f_curator.pbo - 93293
11:25:27 C:\Servers\Arma 3 Exile Server\curator\addons\missions_f_curator.pbo - 91795
11:25:27 C:\Servers\Arma 3 Exile Server\curator\addons\modules_f_curator.pbo - 92935
11:25:27 C:\Servers\Arma 3 Exile Server\curator\addons\ui_f_curator.pbo - 90981
11:25:27 addons\3den.pbo - 93478
11:25:27 addons\3den_language.pbo - 93293
11:25:27 addons\a3.pbo - unknown
11:25:27 addons\air_f.pbo - 92215
11:25:27 addons\air_f_beta.pbo - 92216
11:25:27 addons\air_f_epb.pbo - 92217
11:25:27 addons\air_f_epc.pbo - 92217
11:25:27 addons\air_f_gamma.pbo - 92217
11:25:27 addons\animals_f.pbo - 93217
11:25:27 addons\animals_f_beta.pbo - 91796
11:25:27 addons\anims_f.pbo - 92711
11:25:27 addons\anims_f_bootcamp.pbo - 88948
11:25:27 addons\anims_f_data.pbo - 92643
11:25:27 addons\anims_f_epa.pbo - 89360
11:25:27 addons\anims_f_epc.pbo - 79126
11:25:27 addons\anims_f_exp_a.pbo - 92435
11:25:27 addons\armor_f.pbo - 91796
11:25:27 addons\armor_f_beta.pbo - 92295
11:25:27 addons\armor_f_epb.pbo - 92218
11:25:27 addons\armor_f_epc.pbo - 91793
11:25:27 addons\armor_f_gamma.pbo - 92218
11:25:27 addons\baseconfig_f.pbo - 73106
11:25:27 addons\boat_f.pbo - 92387
11:25:27 addons\boat_f_beta.pbo - 92219
11:25:27 addons\boat_f_epc.pbo - 92219
11:25:27 addons\boat_f_gamma.pbo - 92649
11:25:27 addons\cargoposes_f.pbo - 93278
11:25:27 addons\characters_f.pbo - 92499
11:25:27 addons\characters_f_beta.pbo - 91796
11:25:27 addons\characters_f_bootcamp.pbo - 91796
11:25:27 addons\characters_f_epa.pbo - 91796
11:25:27 addons\characters_f_epb.pbo - 91796
11:25:27 addons\characters_f_epc.pbo - 91796
11:25:27 addons\characters_f_gamma.pbo - 91796
11:25:27 addons\data_f.pbo - 92794
11:25:27 addons\data_f_bootcamp.pbo - 91796
11:25:27 addons\data_f_exp_a.pbo - 92638
11:25:27 addons\data_f_exp_b.pbo - 92546
11:25:27 addons\drones_f.pbo - 92219
11:25:27 addons\dubbing_f.pbo - 73106
11:25:27 addons\dubbing_f_beta.pbo - 73106
11:25:27 addons\dubbing_f_bootcamp.pbo - 87093
11:25:27 addons\dubbing_f_epa.pbo - 73106
11:25:27 addons\dubbing_f_epb.pbo - 76110
11:25:27 addons\dubbing_f_epc.pbo - 87001
11:25:27 addons\dubbing_f_gamma.pbo - 73106
11:25:27 addons\dubbing_radio_f.pbo - 89312
11:25:27 addons\dubbing_radio_f_data_eng.pbo - 92967
11:25:27 addons\dubbing_radio_f_data_engb.pbo - 89130
11:25:27 addons\dubbing_radio_f_data_gre.pbo - 89130
11:25:27 addons\dubbing_radio_f_data_per.pbo - 89130
11:25:27 addons\dubbing_radio_f_data_vr.pbo - 89130
11:25:27 addons\editor_f.pbo - 82563
11:25:27 addons\functions_f.pbo - 93806
11:25:27 addons\functions_f_bootcamp.pbo - 92936
11:25:27 addons\functions_f_epa.pbo - 91671
11:25:27 addons\functions_f_epc.pbo - 91673
11:25:27 addons\functions_f_exp_a.pbo - 92211
11:25:27 addons\languagemissions_f.pbo - 93293
11:25:27 addons\languagemissions_f_beta.pbo - 93293
11:25:27 addons\languagemissions_f_bootcamp.pbo - 93293
11:25:27 addons\languagemissions_f_epa.pbo - 93293
11:25:27 addons\languagemissions_f_epb.pbo - 93293
11:25:27 addons\languagemissions_f_epc.pbo - 93293
11:25:27 addons\languagemissions_f_exp_a.pbo - 93293
11:25:27 addons\languagemissions_f_gamma.pbo - 93293
11:25:27 addons\language_f.pbo - 93293
11:25:27 addons\language_f_beta.pbo - 93293
11:25:27 addons\language_f_bootcamp.pbo - 93293
11:25:27 addons\language_f_epa.pbo - 93293
11:25:27 addons\language_f_epb.pbo - 93293
11:25:27 addons\language_f_epc.pbo - 93293
11:25:27 addons\language_f_exp_a.pbo - 93293
11:25:27 addons\language_f_exp_b.pbo - 93293
11:25:27 addons\language_f_gamma.pbo - 93293
11:25:27 addons\map_altis.pbo - 92834
11:25:27 addons\map_altis_data.pbo - 92834
11:25:27 addons\map_altis_data_layers.pbo - 92834
11:25:27 addons\map_altis_data_layers_00_00.pbo - 92834
11:25:27 addons\map_altis_data_layers_00_01.pbo - 92834
11:25:27 addons\map_altis_data_layers_01_00.pbo - 92834
11:25:27 addons\map_altis_data_layers_01_01.pbo - 92834
11:25:27 addons\map_altis_scenes_f.pbo - 73106
11:25:27 addons\map_data.pbo - 91860
11:25:27 addons\map_stratis.pbo - 91796
11:25:27 addons\map_stratis_data.pbo - 90788
11:25:27 addons\map_stratis_data_layers.pbo - 90788
11:25:27 addons\map_stratis_scenes_f.pbo - 73106
11:25:27 addons\map_vr.pbo - 91796
11:25:27 addons\map_vr_scenes_f.pbo - 90788
11:25:27 addons\misc_f.pbo - 92499
11:25:27 addons\missions_f.pbo - 92743
11:25:27 addons\missions_f_beta.pbo - 92020
11:25:27 addons\missions_f_beta_data.pbo - 85005
11:25:27 addons\missions_f_beta_video.pbo - 73106
11:25:27 addons\missions_f_bootcamp.pbo - 91921
11:25:27 addons\missions_f_bootcamp_data.pbo - 72362
11:25:27 addons\missions_f_bootcamp_video.pbo - 75065
11:25:27 addons\missions_f_data.pbo - 92728
11:25:27 addons\missions_f_epa.pbo - 92525
11:25:27 addons\missions_f_epa_data.pbo - 73106
11:25:27 addons\missions_f_epa_video.pbo - 73106
11:25:27 addons\missions_f_epb.pbo - 92744
11:25:27 addons\missions_f_epb_data.pbo - 92728
11:25:27 addons\missions_f_epb_video.pbo - 73106
11:25:27 addons\missions_f_epc.pbo - 92211
11:25:27 addons\missions_f_epc_data.pbo - 84724
11:25:27 addons\missions_f_epc_video.pbo - 84725
11:25:27 addons\missions_f_exp_a.pbo - 91740
11:25:27 addons\missions_f_exp_a_data.pbo - 90131
11:25:27 addons\missions_f_gamma.pbo - 92020
11:25:27 addons\missions_f_gamma_data.pbo - 86243
11:25:27 addons\missions_f_gamma_video.pbo - 73106
11:25:27 addons\missions_f_video.pbo - 73106
11:25:27 addons\modules_f.pbo - 93384
11:25:27 addons\modules_f_beta.pbo - 92744
11:25:27 addons\modules_f_beta_data.pbo - 92729
11:25:27 addons\modules_f_bootcamp.pbo - 91795
11:25:27 addons\modules_f_data.pbo - 91796
11:25:27 addons\modules_f_epb.pbo - 91796
11:25:27 addons\modules_f_exp_a.pbo - 88829
11:25:27 addons\music_f.pbo - 73106
11:25:27 addons\music_f_bootcamp.pbo - 73106
11:25:27 addons\music_f_bootcamp_music.pbo - 73106
11:25:27 addons\music_f_epa.pbo - 73106
11:25:27 addons\music_f_epa_music.pbo - 73106
11:25:27 addons\music_f_epb.pbo - 73106
11:25:27 addons\music_f_epb_music.pbo - 73106
11:25:27 addons\music_f_epc.pbo - 87643
11:25:27 addons\music_f_epc_music.pbo - 73106
11:25:27 addons\music_f_music.pbo - 73106
11:25:27 addons\plants_f.pbo - 92798
11:25:27 addons\props_f_exp_a.pbo - 92219
11:25:27 addons\roads_f.pbo - 92417
11:25:27 addons\rocks_f.pbo - 91643
11:25:27 addons\signs_f.pbo - 92360
11:25:27 addons\soft_f.pbo - 92417
11:25:27 addons\soft_f_beta.pbo - 92219
11:25:27 addons\soft_f_bootcamp.pbo - 91798
11:25:27 addons\soft_f_epc.pbo - 92219
11:25:27 addons\soft_f_gamma.pbo - 92417
11:25:27 addons\sounds_f.pbo - 92963
11:25:27 addons\sounds_f_arsenal.pbo - 92964
11:25:27 addons\sounds_f_bootcamp.pbo - 91796
11:25:27 addons\sounds_f_characters.pbo - 90106
11:25:27 addons\sounds_f_environment.pbo - 88851
11:25:27 addons\sounds_f_epb.pbo - 88761
11:25:27 addons\sounds_f_epc.pbo - 86933
11:25:27 addons\sounds_f_exp_a.pbo - 88829
11:25:27 addons\sounds_f_sfx.pbo - 88881
11:25:27 addons\sounds_f_vehicles.pbo - 92131
11:25:27 addons\sounds_f_weapons.pbo - 84865
11:25:27 addons\static_f.pbo - 92794
11:25:27 addons\static_f_beta.pbo - 91798
11:25:27 addons\static_f_gamma.pbo - 91798
11:25:27 addons\structures_f.pbo - 92711
11:25:27 addons\structures_f_bootcamp.pbo - 92499
11:25:27 addons\structures_f_data.pbo - 91796
11:25:27 addons\structures_f_epa.pbo - 92499
11:25:27 addons\structures_f_epb.pbo - 92499
11:25:27 addons\structures_f_epc.pbo - 92417
11:25:27 addons\structures_f_exp_a.pbo - 91796
11:25:27 addons\structures_f_households.pbo - 92499
11:25:27 addons\structures_f_ind.pbo - 92499
11:25:27 addons\structures_f_mil.pbo - 93795
11:25:27 addons\structures_f_wrecks.pbo - 92360
11:25:27 addons\uifonts_f.pbo - 93100
11:25:27 addons\uifonts_f_data.pbo - 93149
11:25:27 addons\ui_f.pbo - 93138
11:25:27 addons\ui_f_bootcamp.pbo - 76325
11:25:27 addons\ui_f_data.pbo - 93060
11:25:27 addons\ui_f_exp_a.pbo - 92483
11:25:27 addons\weapons_f.pbo - 92834
11:25:27 addons\weapons_f_beta.pbo - 92208
11:25:27 addons\weapons_f_bootcamp.pbo - 91796
11:25:27 addons\weapons_f_epa.pbo - 91798
11:25:27 addons\weapons_f_epb.pbo - 91798
11:25:27 addons\weapons_f_epc.pbo - 91798
11:25:27 addons\weapons_f_gamma.pbo - 91798
11:25:27 
11:25:27 =======================
11:25:27 
11:25:27 ============================================================================================= List of mods ===============================================================================================
11:25:27 modsReadOnly = true
11:25:27 safeModsActivated = false
11:25:27 customMods = true
11:25:27 hash = '792BB465F06C29C83FA9A73D8A634E68381A136F'
11:25:27 hashShort = 'e1f3eb80'
11:25:27                                               name |               modDir |    default |               origin |                                     hash | hashShort | fullPath
11:25:27 ----------------------------------------------------------------------------------------------------------------------------------------------------------------------------------------------------------
11:25:27                       Community Base Addons v2.3.1 |              @CBA_A3 |      false |             GAME DIR | 0c5e0af4275f37a39b3799fa31c3f6c222b9e7ea |  bb14f7f0 | C:\Servers\Arma 3 Exile Server\@CBA_A3
11:25:27                  @TRYK's Multi-Play Unifrom's pack | @TRYK's Multi-Play Unifrom's pack |      false |             GAME DIR | a5a3a55c764256ad038b218d7b8b4dc5ba24ef21 |  97750ac9 | C:\Servers\Arma 3 Exile Server\@TRYK's Multi-Play Unifrom's pack
11:25:27                                 CUP Vehicles - 1.3 |        @CUP Vehicles |      false |             GAME DIR | 316bf660eb45b7f6d0fe09ab06604c263034af25 |  b9d29b6d | C:\Servers\Arma 3 Exile Server\@CUP Vehicles
11:25:27                                      CUP Units 1.3 |           @CUP Units |      false |             GAME DIR | 2ffcb017aa7ec6bff14a9e9f9245ff0af5663a4a |  926aa5a8 | C:\Servers\Arma 3 Exile Server\@CUP Units
11:25:27                                    CUP Weapons 1.6 |         @CUP Weapons |      false |             GAME DIR | 8db6bdac14bfd0db4284c6c35abe0ca336cd79be |  700c11cf | C:\Servers\Arma 3 Exile Server\@CUP Weapons
11:25:27                            Ryan's Zombies & Demons |  @Zombies and Demons |      false |             GAME DIR | 9ee92e17ed73ff4c21b8e96fd3476a57f5838777 |  117032f4 | C:\Servers\Arma 3 Exile Server\@Zombies and Demons
11:25:27                                           @Esseker |             @Esseker |      false |             GAME DIR | 8c9340dbc80b913fcfa10d01e55ff4f5b9383b3e |  81953dbc | C:\Servers\Arma 3 Exile Server\@Esseker
11:25:27                              @AllInArmaTerrainPack | @AllInArmaTerrainPack |      false |             GAME DIR |                                          |           | C:\Servers\Arma 3 Exile Server\@AllInArmaTerrainPack
11:25:27                                    Arma 3 Marksmen |                 mark |       true |             GAME DIR | ee2a34f8c08de27c3a3fae38611c439713520a93 |  b59d9aca | C:\Servers\Arma 3 Exile Server\mark
11:25:27                                       Arma 3 Karts |                 kart |       true |             GAME DIR | 5551a1af2cb81f522af90065a6d663089851c32b |  618aafea | C:\Servers\Arma 3 Exile Server\kart
11:25:27                                 Arma 3 Helicopters |                 heli |       true |             GAME DIR | 2d6274ea02a85a5be45a58076928acdfa2829f0f |  475a9cb9 | C:\Servers\Arma 3 Exile Server\heli
11:25:27                                       @ExileServer |         @ExileServer |      false |             GAME DIR | cca654f034b5bc0dc32ae7d5bdd015cfe929821b |  cfcdb334 | C:\Servers\Arma 3 Exile Server\@ExileServer
11:25:27                                          Exile Mod |               @Exile |      false |             GAME DIR | 2da2bc9a6ba5c85a2b8352cb4e4efed329f86d1a |  fa374743 | C:\Servers\Arma 3 Exile Server\@Exile
11:25:27                                  Arma 3 DLC Bundle |            dlcbundle |       true |            NOT FOUND |                                          |           | 
11:25:27                                        Arma 3 Zeus |              curator |       true |             GAME DIR | c33f513e3eca4e82f790da3986a4264f57719bc5 |  ba819c35 | C:\Servers\Arma 3 Exile Server\curator
11:25:27                                             Arma 3 |                   A3 |       true |            NOT FOUND |                                          |           | 
11:25:27 ==========================================================================================================================================================================================================
11:25:27 InitSound ...
11:25:27 InitSound - complete
11:25:27 PhysX3 SDK Init started ...
11:25:27 PhysX3 SDK Init ended.
11:25:29 Attempt to override final function - rscminimap_script
11:25:29 Attempt to override final function - rscdisplayloading_script
11:25:29 Attempt to override final function - rscdisplayloading_script
11:25:29 Attempt to override final function - rscdisplayloading_script
11:25:29 Attempt to override final function - rscdiary_script
11:25:29 Attempt to override final function - rscdisplaysinglemission_script
11:25:29 Attempt to override final function - rscdiary_script
11:25:29 Attempt to override final function - rscdisplayremotemissions_script
11:25:29 Attempt to override final function - rscdisplayloading_script
11:25:29 Attempt to override final function - rscdiary_script
11:25:29 Attempt to override final function - rscdiary_script
11:25:29 Attempt to override final function - rscdisplaystrategicmap_script
11:25:29 Attempt to override final function - rscdisplaycommon_script
11:25:29 Attempt to override final function - rscdisplaygarage_script
11:25:29 Attempt to override final function - rscdisplayloading_script
11:25:30 Attempt to override final function - rscdisplaycurator_script
11:25:30 Attempt to override final function - rscdisplayattributes_script
11:25:30 Attempt to override final function - rscdisplayattributes_script
11:25:30 Attempt to override final function - rscdisplayattributes_script
11:25:30 Attempt to override final function - display3deneditattributes_script
11:25:30 Attempt to override final function - display3deneditattributes_script
11:25:30 Attempt to override final function - rscdisplayhostsettings_script
11:25:30 Attempt to override final function - rscdisplaycommon_script
11:25:30 Attempt to override final function - rscdisplaydebriefing_script
11:25:30 Attempt to override final function - rscunitinfo_script
11:25:30 Attempt to override final function - rscunitinfo_script
11:25:30 Attempt to override final function - rscunitinfo_script
11:25:30 Attempt to override final function - rscunitinfo_script
11:25:30 Attempt to override final function - rscunitinfo_script
11:25:30 Attempt to override final function - rscunitinfo_script
11:25:30 Attempt to override final function - rscunitinfo_script
11:25:30 Attempt to override final function - rscunitinfo_script
11:25:30 Attempt to override final function - rscunitinfo_script
11:25:30 Attempt to override final function - rscunitinfo_script
11:25:30 Attempt to override final function - rscunitinfo_script
11:25:30 Attempt to override final function - rscunitinfo_script
11:25:30 Attempt to override final function - rscunitinfo_script
11:25:30 Attempt to override final function - rscunitinfo_script
11:25:30 Attempt to override final function - rscunitinfo_script
11:25:30 Attempt to override final function - rscunitinfo_script
11:25:30 Attempt to override final function - rscunitinfo_script
11:25:30 Attempt to override final function - rscunitinfo_script
11:25:30 Attempt to override final function - rscunitinfo_script
11:25:30 Attempt to override final function - rscunitinfo_script
11:25:30 Attempt to override final function - rscunitinfo_script
11:25:30 Attempt to override final function - rscunitinfo_script
11:25:30 Attempt to override final function - rscunitinfo_script
11:25:30 Attempt to override final function - rscunitinfo_script
11:25:30 Attempt to override final function - rscunitinfo_script
11:25:30 Attempt to override final function - rscunitinfo_script
11:25:30 Attempt to override final function - rscunitinfo_script
11:25:30 Attempt to override final function - rscunitinfo_script
11:25:30 Attempt to override final function - rscunitinfo_script
11:25:30 Attempt to override final function - rscunitinfo_script
11:25:30 Attempt to override final function - rscunitinfo_script
11:25:30 Attempt to override final function - rscunitinfo_script
11:25:30 Attempt to override final function - rscunitinfo_script
11:25:30 Attempt to override final function - rscunitinfo_script
11:25:30 Attempt to override final function - rscunitinfo_script
11:25:30 Attempt to override final function - rscunitinfo_script
11:25:30 Attempt to override final function - rscunitinfo_script
11:25:30 Attempt to override final function - rscunitinfo_script
11:25:30 Attempt to override final function - rscunitinfo_script
11:25:30 Attempt to override final function - rscunitinfo_script
11:25:30 Attempt to override final function - rscunitinfo_script
11:25:30 Attempt to override final function - rscunitinfo_script
11:25:30 Attempt to override final function - rscunitinfo_script
11:25:30 Attempt to override final function - rscunitinfo_script
11:25:30 Attempt to override final function - rscunitinfo_script
11:25:30 Attempt to override final function - rscunitinfo_script
11:25:30 Attempt to override final function - rscunitinfo_script
11:25:30 Attempt to override final function - rscunitinfo_script
11:25:30 Attempt to override final function - rscunitinfo_script
11:25:30 Attempt to override final function - rscunitinfo_script
11:25:30 Attempt to override final function - rscunitinfo_script
11:25:30 Attempt to override final function - rscunitinfo_script
11:25:30 Attempt to override final function - rscunitinfo_script
11:25:30 Attempt to override final function - rscunitinfo_script
11:25:30 Attempt to override final function - rscunitinfo_script
11:25:30 Attempt to override final function - rscunitinfo_script
11:25:30 Attempt to override final function - rscunitinfo_script
11:25:30 Attempt to override final function - rscunitinfo_script
11:25:30 Attempt to override final function - rscunitinfo_script
11:25:30 Attempt to override final function - rscunitinfo_script
11:25:30 Attempt to override final function - rscunitinfo_script
11:25:30 Attempt to override final function - rscunitinfo_script
11:25:30 Attempt to override final function - rscunitinfo_script
11:25:30 Attempt to override final function - rscunitinfo_script
11:25:30 Attempt to override final function - rscunitinfo_script
11:25:30 Attempt to override final function - rscunitinfo_script
11:25:30 Attempt to override final function - rscunitinfo_script
11:25:30 Attempt to override final function - rscunitinfo_script
11:25:30 Attempt to override final function - rscunitinfo_script
11:25:30 Attempt to override final function - slidertime_script
11:25:30 Attempt to override final function - slidertime_script
11:25:30 Attempt to override final function - slidertime_script
11:25:30 [0,13.018,0,"XEH: PreStart started."]
11:25:30 [0,13.019,0,"XEH: PreStart finished."]
11:25:30 [XEH]: Motorcycle does not support Extended Eventhandlers!
11:25:30 [XEH]: GNT_C185 does not support Extended Eventhandlers! Addon: @Exile
11:25:30 [XEH]: GNT_C185F does not support Extended Eventhandlers! Addon: @Exile
11:25:30 [XEH]: Exile_Cutscene_Abstract does not support Extended Eventhandlers! Addon: @Exile
11:25:30 [XEH]: Exile_Guard_Abstract does not support Extended Eventhandlers! Addon: @Exile
11:25:30 [XEH]: Exile_Trader_Abstract does not support Extended Eventhandlers! Addon: @Exile
11:25:31 String STR_DN_BTR90 not found
11:25:31 String STR_DN_BTR90 not found
11:25:32 VoteThreshold must be in 0..1 range. Defaulting to 0.5
Initializing Steam server - Game Port: 2302, Steam Query Port: 2303
Version: 2
GlobalFlags: 0
DLCFlags: 7
DLCHashes:
1636478954
-1247962422
1197120697
Mods(10):
Hash: -1156253712
PublishedId: 450814997
Name: Community Base Addons v2.3.1
Hash: -1753937207
PublishedId: 0
Name: @TRYK's Multi-Play Unifrom's pack
Hash: -1177379987
PublishedId: 541888371
Name: CUP Vehicles - 1.3
Hash: -1838504536
PublishedId: 497661914
Name: CUP Units 1.3
Hash: 1879839183
PublishedId: 497660133
Name: CUP Weapons 1.6
Hash: 292565748
PublishedId: 501966277
Name: Ryan's Zombies & Demons
Hash: -2120925764
PublishedId: 498101407
Name: @Esseker
Hash: 0
PublishedId: 0
Name: @AllInArmaTerrainPack
Hash: -808602828
PublishedId: 0
Name: @ExileServer
Hash: -97040573
PublishedId: 0
Name: Exile Mod
Difficulty: 0
AILevel: 0
FlightModel: 0
ThirdPersonCamera: 0
WeaponCrosshair: 0
Signatures:
encodedStream length: 305
encodedStream: ÍØäa öùµπúZG
˜ª‰ﬁCommunity Base Addons v2.3.1…
uó!@TRYK's Multi-Play Unifrom's packmõ“πsèL CUP Vehicles - 1.3®•jí⁄∑©CUP Units 1.3œpÂ∞©CUP Weapons 1.6Ù2p≈eÎRyan's Zombies & Demonsº=ïÅül∞@Esseker@AllInArmaTerrainPack4≥Õœ@ExileServerCG7˙	Exile Mod
parts size:3)
part(127): ÍØäa öùµπúZG
˜ª‰ﬁCommunity Base Addons v2.3.1…
uó!@TRYK's Multi-Play Unifrom's packmõ“πsèL CUP Vehicles -
part(127):  1.3®•jí⁄∑©CUP Units 1.3œpÂ∞©CUP Weapons 1.6Ù2p≈eÎRyan's Zombies & Demonsº=ïÅül∞@Esseker@AllInArmaT
part(51): errainPack4≥Õœ@ExileServerCG7˙	Exile Mod
Connected to Steam servers
c:\w\stable\futura\lib\network\networkserver.cpp ClearNetServer:NOT IMPLEMENTED - briefing!
Extensions:
